#
# There is insufficient memory for the Java Runtime Environment to continue.
# Native memory allocation (malloc) failed to allocate 2338096 bytes for Chunk::new
# Possible reasons:
#   The system is out of physical RAM or swap space
#   The process is running with CompressedOops enabled, and the Java Heap may be blocking the growth of the native heap
# Possible solutions:
#   Reduce memory load on the system
#   Increase physical memory or swap space
#   Check if swap backing store is full
#   Decrease Java heap size (-Xmx/-Xms)
#   Decrease number of Java threads
#   Decrease Java thread stack sizes (-Xss)
#   Set larger code cache with -XX:ReservedCodeCacheSize=
#   JVM is running with Zero Based Compressed Oops mode in which the Java heap is
#     placed in the first 32GB address space. The Java Heap base address is the
#     maximum limit for the native heap growth. Please use -XX:HeapBaseMinAddress
#     to set the Java Heap base and to place the Java Heap above 32GB virtual address.
# This output file may be truncated or incomplete.
#
#  Out of Memory Error (arena.cpp:168), pid=20708, tid=1852
#
# JRE version: Java(TM) SE Runtime Environment (21.0.7+8) (build 21.0.7+8-LTS-245)
# Java VM: Java HotSpot(TM) 64-Bit Server VM (21.0.7+8-LTS-245, mixed mode, sharing, tiered, compressed oops, compressed class ptrs, g1 gc, windows-amd64)
# No core dump will be written. Minidumps are not enabled by default on client versions of Windows
#

---------------  S U M M A R Y ------------

Command Line: -javaagent:C:\Program Files\JetBrains\IntelliJ IDEA Community Edition 2024.3.1.1\lib\idea_rt.jar=62617:C:\Program Files\JetBrains\IntelliJ IDEA Community Edition 2024.3.1.1\bin -Dfile.encoding=UTF-8 -Dsun.stdout.encoding=UTF-8 -Dsun.stderr.encoding=UTF-8 sn.diabete.medecin.MedecinServiceApplication

Host: 11th Gen Intel(R) Core(TM) i5-1145G7 @ 2.60GHz, 8 cores, 15G,  Windows 11 , 64 bit Build 26100 (10.0.26100.6725)
Time: Wed Nov 12 16:41:38 2025 Greenwich elapsed time: 9.308649 seconds (0d 0h 0m 9s)

---------------  T H R E A D  ---------------

Current thread (0x00000285fe010090):  JavaThread "C2 CompilerThread0" daemon [_thread_in_native, id=1852, stack(0x000000d5e1d00000,0x000000d5e1e00000) (1024K)]


Current CompileTask:
C2:   9308 1701       4       org.springframework.boot.context.properties.source.ConfigurationPropertyName$ElementsParser::parse (234 bytes)

Stack: [0x000000d5e1d00000,0x000000d5e1e00000]
Native frames: (J=compiled Java code, j=interpreted, Vv=VM code, C=native code)
V  [jvm.dll+0x6cae19]
V  [jvm.dll+0x855741]
V  [jvm.dll+0x857c6e]
V  [jvm.dll+0x858343]
V  [jvm.dll+0x27e0b6]
V  [jvm.dll+0xc4ecd]
V  [jvm.dll+0xc5403]
V  [jvm.dll+0x3b5752]
V  [jvm.dll+0x381e25]
V  [jvm.dll+0x38129a]
V  [jvm.dll+0x246b30]
V  [jvm.dll+0x24610f]
V  [jvm.dll+0x1c6efe]
V  [jvm.dll+0x255819]
V  [jvm.dll+0x253daa]
V  [jvm.dll+0x3eebb6]
V  [jvm.dll+0x7ffa1b]
V  [jvm.dll+0x6c94fd]
C  [ucrtbase.dll+0x37b0]
C  [KERNEL32.DLL+0x2e8d7]
C  [ntdll.dll+0x8c53c]


---------------  P R O C E S S  ---------------

Threads class SMR info:
_java_thread_list=0x00000285ff0846e0, length=15, elements={
0x00000285e7b932e0, 0x00000285f9841100, 0x00000285f9841c40, 0x00000285f9845c30,
0x00000285f9846770, 0x00000285f98492c0, 0x00000285f9857f50, 0x00000285fe010090,
0x00000285f9859bd0, 0x00000285fe0ef710, 0x00000285fe75e070, 0x00000285fe3f5090,
0x00000285ff074050, 0x00000285ff08cb80, 0x00000285f985b710
}

Java Threads: ( => current thread )
  0x00000285e7b932e0 JavaThread "main"                              [_thread_blocked, id=21872, stack(0x000000d5e0f00000,0x000000d5e1000000) (1024K)]
  0x00000285f9841100 JavaThread "Reference Handler"          daemon [_thread_blocked, id=19140, stack(0x000000d5e1700000,0x000000d5e1800000) (1024K)]
  0x00000285f9841c40 JavaThread "Finalizer"                  daemon [_thread_blocked, id=19728, stack(0x000000d5e1800000,0x000000d5e1900000) (1024K)]
  0x00000285f9845c30 JavaThread "Signal Dispatcher"          daemon [_thread_blocked, id=22028, stack(0x000000d5e1900000,0x000000d5e1a00000) (1024K)]
  0x00000285f9846770 JavaThread "Attach Listener"            daemon [_thread_blocked, id=9184, stack(0x000000d5e1a00000,0x000000d5e1b00000) (1024K)]
  0x00000285f98492c0 JavaThread "Service Thread"             daemon [_thread_blocked, id=17184, stack(0x000000d5e1b00000,0x000000d5e1c00000) (1024K)]
  0x00000285f9857f50 JavaThread "Monitor Deflation Thread"   daemon [_thread_blocked, id=15872, stack(0x000000d5e1c00000,0x000000d5e1d00000) (1024K)]
=>0x00000285fe010090 JavaThread "C2 CompilerThread0"         daemon [_thread_in_native, id=1852, stack(0x000000d5e1d00000,0x000000d5e1e00000) (1024K)]
  0x00000285f9859bd0 JavaThread "C1 CompilerThread0"         daemon [_thread_blocked, id=29984, stack(0x000000d5e1e00000,0x000000d5e1f00000) (1024K)]
  0x00000285fe0ef710 JavaThread "Common-Cleaner"             daemon [_thread_blocked, id=19404, stack(0x000000d5e1f00000,0x000000d5e2000000) (1024K)]
  0x00000285fe75e070 JavaThread "Monitor Ctrl-Break"         daemon [_thread_in_native, id=5604, stack(0x000000d5e2000000,0x000000d5e2100000) (1024K)]
  0x00000285fe3f5090 JavaThread "Notification Thread"        daemon [_thread_blocked, id=15460, stack(0x000000d5e2100000,0x000000d5e2200000) (1024K)]
  0x00000285ff074050 JavaThread "Thread-0"                          [_thread_blocked, id=16544, stack(0x000000d5e2600000,0x000000d5e2700000) (1024K)]
  0x00000285ff08cb80 JavaThread "restartedMain"                     [_thread_in_vm, id=2572, stack(0x000000d5e2700000,0x000000d5e2800000) (1024K)]
  0x00000285f985b710 JavaThread "C2 CompilerThread1"         daemon [_thread_in_native, id=23932, stack(0x000000d5e2a00000,0x000000d5e2b00000) (1024K)]
Total: 15

Other Threads:
  0x00000285f9826d80 VMThread "VM Thread"                           [id=27268, stack(0x000000d5e1600000,0x000000d5e1700000) (1024K)]
  0x00000285f98172b0 WatcherThread "VM Periodic Task Thread"        [id=2880, stack(0x000000d5e1500000,0x000000d5e1600000) (1024K)]
  0x00000285e9d9c000 WorkerThread "GC Thread#0"                     [id=13064, stack(0x000000d5e1000000,0x000000d5e1100000) (1024K)]
  0x00000285ff0fe580 WorkerThread "GC Thread#1"                     [id=30372, stack(0x000000d5e2200000,0x000000d5e2300000) (1024K)]
  0x00000285ff0fe920 WorkerThread "GC Thread#2"                     [id=16492, stack(0x000000d5e2300000,0x000000d5e2400000) (1024K)]
  0x00000285ff0fecc0 WorkerThread "GC Thread#3"                     [id=15132, stack(0x000000d5e2400000,0x000000d5e2500000) (1024K)]
  0x00000285ff0ff060 WorkerThread "GC Thread#4"                     [id=27900, stack(0x000000d5e2500000,0x000000d5e2600000) (1024K)]
  0x00000285ff53dc50 WorkerThread "GC Thread#5"                     [id=26388, stack(0x000000d5e2800000,0x000000d5e2900000) (1024K)]
  0x00000285ff0b2d60 WorkerThread "GC Thread#6"                     [id=30552, stack(0x000000d5e2900000,0x000000d5e2a00000) (1024K)]
  0x00000285e9dcbb40 ConcurrentGCThread "G1 Main Marker"            [id=6132, stack(0x000000d5e1100000,0x000000d5e1200000) (1024K)]
  0x00000285e9dcc640 WorkerThread "G1 Conc#0"                       [id=30388, stack(0x000000d5e1200000,0x000000d5e1300000) (1024K)]
  0x00000285f96e7790 ConcurrentGCThread "G1 Refine#0"               [id=23576, stack(0x000000d5e1300000,0x000000d5e1400000) (1024K)]
  0x00000285f96e90b0 ConcurrentGCThread "G1 Service"                [id=9316, stack(0x000000d5e1400000,0x000000d5e1500000) (1024K)]
Total: 13

Threads with active compile tasks:
C2 CompilerThread0    12370 1701       4       org.springframework.boot.context.properties.source.ConfigurationPropertyName$ElementsParser::parse (234 bytes)
C2 CompilerThread1    12370 1748       4       org.springframework.boot.context.config.ConfigDataEnvironmentContributor$ContributorIterator::fetchIfNecessary (153 bytes)
Total: 2

VM state: not at safepoint (normal execution)

VM Mutex/Monitor currently owned by a thread: None

Heap address: 0x0000000709a00000, size: 3942 MB, Compressed Oops mode: Zero based, Oop shift amount: 3

CDS archive(s) mapped at: [0x000002858f000000-0x000002858fc90000-0x000002858fc90000), size 13172736, SharedBaseAddress: 0x000002858f000000, ArchiveRelocationMode: 1.
Compressed class space mapped at: 0x0000028590000000-0x00000285d0000000, reserved size: 1073741824
Narrow klass base: 0x000002858f000000, Narrow klass shift: 0, Narrow klass range: 0x100000000

GC Precious Log:
 CardTable entry size: 512
 Card Set container configuration: InlinePtr #cards 4 size 8 Array Of Cards #cards 16 size 48 Howl #buckets 8 coarsen threshold 3686 Howl Bitmap #cards 512 size 80 coarsen threshold 460 Card regions per heap region 1 cards per card region 4096
 CPUs: 8 total, 8 available
 Memory: 15761M
 Large Page Support: Disabled
 NUMA Support: Disabled
 Compressed Oops: Enabled (Zero based)
 Heap Region Size: 2M
 Heap Min Capacity: 8M
 Heap Initial Capacity: 248M
 Heap Max Capacity: 3942M
 Pre-touch: Disabled
 Parallel Workers: 8
 Concurrent Workers: 2
 Concurrent Refinement Workers: 8
 Periodic GC: Disabled

Heap:
 garbage-first heap   total 253952K, used 17511K [0x0000000709a00000, 0x0000000800000000)
  region size 2048K, 7 young (14336K), 1 survivors (2048K)
 Metaspace       used 9942K, committed 10240K, reserved 1114112K
  class space    used 1159K, committed 1280K, reserved 1048576K

Heap Regions: E=young(eden), S=young(survivor), O=old, HS=humongous(starts), HC=humongous(continues), CS=collection set, F=free, TAMS=top-at-mark-start, PB=parsable bottom
|   0|0x0000000709a00000, 0x0000000709c00000, 0x0000000709c00000|100%| O|  |TAMS 0x0000000709a00000| PB 0x0000000709a00000| Untracked 
|   1|0x0000000709c00000, 0x0000000709e00000, 0x0000000709e00000|100%| O|  |TAMS 0x0000000709c00000| PB 0x0000000709c00000| Untracked 
|   2|0x0000000709e00000, 0x000000070a000000, 0x000000070a000000|100%| O|  |TAMS 0x0000000709e00000| PB 0x0000000709e00000| Untracked 
|   3|0x000000070a000000, 0x000000070a200000, 0x000000070a200000|100%| O|  |TAMS 0x000000070a000000| PB 0x000000070a000000| Untracked 
|   4|0x000000070a200000, 0x000000070a20d088, 0x000000070a400000|  2%| O|  |TAMS 0x000000070a200000| PB 0x000000070a200000| Untracked 
|   5|0x000000070a400000, 0x000000070a400000, 0x000000070a600000|  0%| F|  |TAMS 0x000000070a400000| PB 0x000000070a400000| Untracked 
|   6|0x000000070a600000, 0x000000070a600000, 0x000000070a800000|  0%| F|  |TAMS 0x000000070a600000| PB 0x000000070a600000| Untracked 
|   7|0x000000070a800000, 0x000000070a800000, 0x000000070aa00000|  0%| F|  |TAMS 0x000000070a800000| PB 0x000000070a800000| Untracked 
|   8|0x000000070aa00000, 0x000000070aa00000, 0x000000070ac00000|  0%| F|  |TAMS 0x000000070aa00000| PB 0x000000070aa00000| Untracked 
|   9|0x000000070ac00000, 0x000000070ac00000, 0x000000070ae00000|  0%| F|  |TAMS 0x000000070ac00000| PB 0x000000070ac00000| Untracked 
|  10|0x000000070ae00000, 0x000000070ae00000, 0x000000070b000000|  0%| F|  |TAMS 0x000000070ae00000| PB 0x000000070ae00000| Untracked 
|  11|0x000000070b000000, 0x000000070b000000, 0x000000070b200000|  0%| F|  |TAMS 0x000000070b000000| PB 0x000000070b000000| Untracked 
|  12|0x000000070b200000, 0x000000070b200000, 0x000000070b400000|  0%| F|  |TAMS 0x000000070b200000| PB 0x000000070b200000| Untracked 
|  13|0x000000070b400000, 0x000000070b400000, 0x000000070b600000|  0%| F|  |TAMS 0x000000070b400000| PB 0x000000070b400000| Untracked 
|  14|0x000000070b600000, 0x000000070b600000, 0x000000070b800000|  0%| F|  |TAMS 0x000000070b600000| PB 0x000000070b600000| Untracked 
|  15|0x000000070b800000, 0x000000070b800000, 0x000000070ba00000|  0%| F|  |TAMS 0x000000070b800000| PB 0x000000070b800000| Untracked 
|  16|0x000000070ba00000, 0x000000070ba00000, 0x000000070bc00000|  0%| F|  |TAMS 0x000000070ba00000| PB 0x000000070ba00000| Untracked 
|  17|0x000000070bc00000, 0x000000070bc00000, 0x000000070be00000|  0%| F|  |TAMS 0x000000070bc00000| PB 0x000000070bc00000| Untracked 
|  18|0x000000070be00000, 0x000000070be00000, 0x000000070c000000|  0%| F|  |TAMS 0x000000070be00000| PB 0x000000070be00000| Untracked 
|  19|0x000000070c000000, 0x000000070c000000, 0x000000070c200000|  0%| F|  |TAMS 0x000000070c000000| PB 0x000000070c000000| Untracked 
|  20|0x000000070c200000, 0x000000070c200000, 0x000000070c400000|  0%| F|  |TAMS 0x000000070c200000| PB 0x000000070c200000| Untracked 
|  21|0x000000070c400000, 0x000000070c400000, 0x000000070c600000|  0%| F|  |TAMS 0x000000070c400000| PB 0x000000070c400000| Untracked 
|  22|0x000000070c600000, 0x000000070c600000, 0x000000070c800000|  0%| F|  |TAMS 0x000000070c600000| PB 0x000000070c600000| Untracked 
|  23|0x000000070c800000, 0x000000070c800000, 0x000000070ca00000|  0%| F|  |TAMS 0x000000070c800000| PB 0x000000070c800000| Untracked 
|  24|0x000000070ca00000, 0x000000070ca00000, 0x000000070cc00000|  0%| F|  |TAMS 0x000000070ca00000| PB 0x000000070ca00000| Untracked 
|  25|0x000000070cc00000, 0x000000070cc00000, 0x000000070ce00000|  0%| F|  |TAMS 0x000000070cc00000| PB 0x000000070cc00000| Untracked 
|  26|0x000000070ce00000, 0x000000070ce00000, 0x000000070d000000|  0%| F|  |TAMS 0x000000070ce00000| PB 0x000000070ce00000| Untracked 
|  27|0x000000070d000000, 0x000000070d000000, 0x000000070d200000|  0%| F|  |TAMS 0x000000070d000000| PB 0x000000070d000000| Untracked 
|  28|0x000000070d200000, 0x000000070d200000, 0x000000070d400000|  0%| F|  |TAMS 0x000000070d200000| PB 0x000000070d200000| Untracked 
|  29|0x000000070d400000, 0x000000070d400000, 0x000000070d600000|  0%| F|  |TAMS 0x000000070d400000| PB 0x000000070d400000| Untracked 
|  30|0x000000070d600000, 0x000000070d600000, 0x000000070d800000|  0%| F|  |TAMS 0x000000070d600000| PB 0x000000070d600000| Untracked 
|  31|0x000000070d800000, 0x000000070d800000, 0x000000070da00000|  0%| F|  |TAMS 0x000000070d800000| PB 0x000000070d800000| Untracked 
|  32|0x000000070da00000, 0x000000070da00000, 0x000000070dc00000|  0%| F|  |TAMS 0x000000070da00000| PB 0x000000070da00000| Untracked 
|  33|0x000000070dc00000, 0x000000070dc00000, 0x000000070de00000|  0%| F|  |TAMS 0x000000070dc00000| PB 0x000000070dc00000| Untracked 
|  34|0x000000070de00000, 0x000000070de00000, 0x000000070e000000|  0%| F|  |TAMS 0x000000070de00000| PB 0x000000070de00000| Untracked 
|  35|0x000000070e000000, 0x000000070e000000, 0x000000070e200000|  0%| F|  |TAMS 0x000000070e000000| PB 0x000000070e000000| Untracked 
|  36|0x000000070e200000, 0x000000070e200000, 0x000000070e400000|  0%| F|  |TAMS 0x000000070e200000| PB 0x000000070e200000| Untracked 
|  37|0x000000070e400000, 0x000000070e400000, 0x000000070e600000|  0%| F|  |TAMS 0x000000070e400000| PB 0x000000070e400000| Untracked 
|  38|0x000000070e600000, 0x000000070e600000, 0x000000070e800000|  0%| F|  |TAMS 0x000000070e600000| PB 0x000000070e600000| Untracked 
|  39|0x000000070e800000, 0x000000070e800000, 0x000000070ea00000|  0%| F|  |TAMS 0x000000070e800000| PB 0x000000070e800000| Untracked 
|  40|0x000000070ea00000, 0x000000070ea00000, 0x000000070ec00000|  0%| F|  |TAMS 0x000000070ea00000| PB 0x000000070ea00000| Untracked 
|  41|0x000000070ec00000, 0x000000070ec00000, 0x000000070ee00000|  0%| F|  |TAMS 0x000000070ec00000| PB 0x000000070ec00000| Untracked 
|  42|0x000000070ee00000, 0x000000070ee00000, 0x000000070f000000|  0%| F|  |TAMS 0x000000070ee00000| PB 0x000000070ee00000| Untracked 
|  43|0x000000070f000000, 0x000000070f000000, 0x000000070f200000|  0%| F|  |TAMS 0x000000070f000000| PB 0x000000070f000000| Untracked 
|  44|0x000000070f200000, 0x000000070f200000, 0x000000070f400000|  0%| F|  |TAMS 0x000000070f200000| PB 0x000000070f200000| Untracked 
|  45|0x000000070f400000, 0x000000070f400000, 0x000000070f600000|  0%| F|  |TAMS 0x000000070f400000| PB 0x000000070f400000| Untracked 
|  46|0x000000070f600000, 0x000000070f600000, 0x000000070f800000|  0%| F|  |TAMS 0x000000070f600000| PB 0x000000070f600000| Untracked 
|  47|0x000000070f800000, 0x000000070f800000, 0x000000070fa00000|  0%| F|  |TAMS 0x000000070f800000| PB 0x000000070f800000| Untracked 
|  48|0x000000070fa00000, 0x000000070fa00000, 0x000000070fc00000|  0%| F|  |TAMS 0x000000070fa00000| PB 0x000000070fa00000| Untracked 
|  49|0x000000070fc00000, 0x000000070fc00000, 0x000000070fe00000|  0%| F|  |TAMS 0x000000070fc00000| PB 0x000000070fc00000| Untracked 
|  50|0x000000070fe00000, 0x000000070fe00000, 0x0000000710000000|  0%| F|  |TAMS 0x000000070fe00000| PB 0x000000070fe00000| Untracked 
|  51|0x0000000710000000, 0x0000000710000000, 0x0000000710200000|  0%| F|  |TAMS 0x0000000710000000| PB 0x0000000710000000| Untracked 
|  52|0x0000000710200000, 0x0000000710200000, 0x0000000710400000|  0%| F|  |TAMS 0x0000000710200000| PB 0x0000000710200000| Untracked 
|  53|0x0000000710400000, 0x0000000710400000, 0x0000000710600000|  0%| F|  |TAMS 0x0000000710400000| PB 0x0000000710400000| Untracked 
|  54|0x0000000710600000, 0x0000000710600000, 0x0000000710800000|  0%| F|  |TAMS 0x0000000710600000| PB 0x0000000710600000| Untracked 
|  55|0x0000000710800000, 0x0000000710800000, 0x0000000710a00000|  0%| F|  |TAMS 0x0000000710800000| PB 0x0000000710800000| Untracked 
|  56|0x0000000710a00000, 0x0000000710a00000, 0x0000000710c00000|  0%| F|  |TAMS 0x0000000710a00000| PB 0x0000000710a00000| Untracked 
|  57|0x0000000710c00000, 0x0000000710c00000, 0x0000000710e00000|  0%| F|  |TAMS 0x0000000710c00000| PB 0x0000000710c00000| Untracked 
|  58|0x0000000710e00000, 0x0000000710e00000, 0x0000000711000000|  0%| F|  |TAMS 0x0000000710e00000| PB 0x0000000710e00000| Untracked 
|  59|0x0000000711000000, 0x0000000711000000, 0x0000000711200000|  0%| F|  |TAMS 0x0000000711000000| PB 0x0000000711000000| Untracked 
|  60|0x0000000711200000, 0x0000000711200000, 0x0000000711400000|  0%| F|  |TAMS 0x0000000711200000| PB 0x0000000711200000| Untracked 
|  61|0x0000000711400000, 0x0000000711400000, 0x0000000711600000|  0%| F|  |TAMS 0x0000000711400000| PB 0x0000000711400000| Untracked 
|  62|0x0000000711600000, 0x0000000711600000, 0x0000000711800000|  0%| F|  |TAMS 0x0000000711600000| PB 0x0000000711600000| Untracked 
|  63|0x0000000711800000, 0x0000000711800000, 0x0000000711a00000|  0%| F|  |TAMS 0x0000000711800000| PB 0x0000000711800000| Untracked 
|  64|0x0000000711a00000, 0x0000000711a00000, 0x0000000711c00000|  0%| F|  |TAMS 0x0000000711a00000| PB 0x0000000711a00000| Untracked 
|  65|0x0000000711c00000, 0x0000000711c00000, 0x0000000711e00000|  0%| F|  |TAMS 0x0000000711c00000| PB 0x0000000711c00000| Untracked 
|  66|0x0000000711e00000, 0x0000000711e00000, 0x0000000712000000|  0%| F|  |TAMS 0x0000000711e00000| PB 0x0000000711e00000| Untracked 
|  67|0x0000000712000000, 0x0000000712000000, 0x0000000712200000|  0%| F|  |TAMS 0x0000000712000000| PB 0x0000000712000000| Untracked 
|  68|0x0000000712200000, 0x0000000712200000, 0x0000000712400000|  0%| F|  |TAMS 0x0000000712200000| PB 0x0000000712200000| Untracked 
|  69|0x0000000712400000, 0x0000000712400000, 0x0000000712600000|  0%| F|  |TAMS 0x0000000712400000| PB 0x0000000712400000| Untracked 
|  70|0x0000000712600000, 0x0000000712600000, 0x0000000712800000|  0%| F|  |TAMS 0x0000000712600000| PB 0x0000000712600000| Untracked 
|  71|0x0000000712800000, 0x0000000712800000, 0x0000000712a00000|  0%| F|  |TAMS 0x0000000712800000| PB 0x0000000712800000| Untracked 
|  72|0x0000000712a00000, 0x0000000712a00000, 0x0000000712c00000|  0%| F|  |TAMS 0x0000000712a00000| PB 0x0000000712a00000| Untracked 
|  73|0x0000000712c00000, 0x0000000712c00000, 0x0000000712e00000|  0%| F|  |TAMS 0x0000000712c00000| PB 0x0000000712c00000| Untracked 
|  74|0x0000000712e00000, 0x0000000712e00000, 0x0000000713000000|  0%| F|  |TAMS 0x0000000712e00000| PB 0x0000000712e00000| Untracked 
|  75|0x0000000713000000, 0x0000000713000000, 0x0000000713200000|  0%| F|  |TAMS 0x0000000713000000| PB 0x0000000713000000| Untracked 
|  76|0x0000000713200000, 0x0000000713200000, 0x0000000713400000|  0%| F|  |TAMS 0x0000000713200000| PB 0x0000000713200000| Untracked 
|  77|0x0000000713400000, 0x0000000713400000, 0x0000000713600000|  0%| F|  |TAMS 0x0000000713400000| PB 0x0000000713400000| Untracked 
|  78|0x0000000713600000, 0x0000000713600000, 0x0000000713800000|  0%| F|  |TAMS 0x0000000713600000| PB 0x0000000713600000| Untracked 
|  79|0x0000000713800000, 0x0000000713800000, 0x0000000713a00000|  0%| F|  |TAMS 0x0000000713800000| PB 0x0000000713800000| Untracked 
|  80|0x0000000713a00000, 0x0000000713a00000, 0x0000000713c00000|  0%| F|  |TAMS 0x0000000713a00000| PB 0x0000000713a00000| Untracked 
|  81|0x0000000713c00000, 0x0000000713c00000, 0x0000000713e00000|  0%| F|  |TAMS 0x0000000713c00000| PB 0x0000000713c00000| Untracked 
|  82|0x0000000713e00000, 0x0000000713e00000, 0x0000000714000000|  0%| F|  |TAMS 0x0000000713e00000| PB 0x0000000713e00000| Untracked 
|  83|0x0000000714000000, 0x0000000714000000, 0x0000000714200000|  0%| F|  |TAMS 0x0000000714000000| PB 0x0000000714000000| Untracked 
|  84|0x0000000714200000, 0x0000000714200000, 0x0000000714400000|  0%| F|  |TAMS 0x0000000714200000| PB 0x0000000714200000| Untracked 
|  85|0x0000000714400000, 0x0000000714400000, 0x0000000714600000|  0%| F|  |TAMS 0x0000000714400000| PB 0x0000000714400000| Untracked 
|  86|0x0000000714600000, 0x0000000714600000, 0x0000000714800000|  0%| F|  |TAMS 0x0000000714600000| PB 0x0000000714600000| Untracked 
|  87|0x0000000714800000, 0x0000000714800000, 0x0000000714a00000|  0%| F|  |TAMS 0x0000000714800000| PB 0x0000000714800000| Untracked 
|  88|0x0000000714a00000, 0x0000000714a00000, 0x0000000714c00000|  0%| F|  |TAMS 0x0000000714a00000| PB 0x0000000714a00000| Untracked 
|  89|0x0000000714c00000, 0x0000000714c00000, 0x0000000714e00000|  0%| F|  |TAMS 0x0000000714c00000| PB 0x0000000714c00000| Untracked 
|  90|0x0000000714e00000, 0x0000000714e00000, 0x0000000715000000|  0%| F|  |TAMS 0x0000000714e00000| PB 0x0000000714e00000| Untracked 
|  91|0x0000000715000000, 0x0000000715000000, 0x0000000715200000|  0%| F|  |TAMS 0x0000000715000000| PB 0x0000000715000000| Untracked 
|  92|0x0000000715200000, 0x0000000715200000, 0x0000000715400000|  0%| F|  |TAMS 0x0000000715200000| PB 0x0000000715200000| Untracked 
|  93|0x0000000715400000, 0x0000000715400000, 0x0000000715600000|  0%| F|  |TAMS 0x0000000715400000| PB 0x0000000715400000| Untracked 
|  94|0x0000000715600000, 0x0000000715600000, 0x0000000715800000|  0%| F|  |TAMS 0x0000000715600000| PB 0x0000000715600000| Untracked 
|  95|0x0000000715800000, 0x0000000715800000, 0x0000000715a00000|  0%| F|  |TAMS 0x0000000715800000| PB 0x0000000715800000| Untracked 
|  96|0x0000000715a00000, 0x0000000715a00000, 0x0000000715c00000|  0%| F|  |TAMS 0x0000000715a00000| PB 0x0000000715a00000| Untracked 
|  97|0x0000000715c00000, 0x0000000715c00000, 0x0000000715e00000|  0%| F|  |TAMS 0x0000000715c00000| PB 0x0000000715c00000| Untracked 
|  98|0x0000000715e00000, 0x0000000715e00000, 0x0000000716000000|  0%| F|  |TAMS 0x0000000715e00000| PB 0x0000000715e00000| Untracked 
|  99|0x0000000716000000, 0x0000000716000000, 0x0000000716200000|  0%| F|  |TAMS 0x0000000716000000| PB 0x0000000716000000| Untracked 
| 100|0x0000000716200000, 0x0000000716200000, 0x0000000716400000|  0%| F|  |TAMS 0x0000000716200000| PB 0x0000000716200000| Untracked 
| 101|0x0000000716400000, 0x0000000716400000, 0x0000000716600000|  0%| F|  |TAMS 0x0000000716400000| PB 0x0000000716400000| Untracked 
| 102|0x0000000716600000, 0x0000000716600000, 0x0000000716800000|  0%| F|  |TAMS 0x0000000716600000| PB 0x0000000716600000| Untracked 
| 103|0x0000000716800000, 0x0000000716800000, 0x0000000716a00000|  0%| F|  |TAMS 0x0000000716800000| PB 0x0000000716800000| Untracked 
| 104|0x0000000716a00000, 0x0000000716a00000, 0x0000000716c00000|  0%| F|  |TAMS 0x0000000716a00000| PB 0x0000000716a00000| Untracked 
| 105|0x0000000716c00000, 0x0000000716c00000, 0x0000000716e00000|  0%| F|  |TAMS 0x0000000716c00000| PB 0x0000000716c00000| Untracked 
| 106|0x0000000716e00000, 0x0000000716e00000, 0x0000000717000000|  0%| F|  |TAMS 0x0000000716e00000| PB 0x0000000716e00000| Untracked 
| 107|0x0000000717000000, 0x0000000717000000, 0x0000000717200000|  0%| F|  |TAMS 0x0000000717000000| PB 0x0000000717000000| Untracked 
| 108|0x0000000717200000, 0x0000000717200000, 0x0000000717400000|  0%| F|  |TAMS 0x0000000717200000| PB 0x0000000717200000| Untracked 
| 109|0x0000000717400000, 0x0000000717400000, 0x0000000717600000|  0%| F|  |TAMS 0x0000000717400000| PB 0x0000000717400000| Untracked 
| 110|0x0000000717600000, 0x0000000717600000, 0x0000000717800000|  0%| F|  |TAMS 0x0000000717600000| PB 0x0000000717600000| Untracked 
| 111|0x0000000717800000, 0x0000000717800000, 0x0000000717a00000|  0%| F|  |TAMS 0x0000000717800000| PB 0x0000000717800000| Untracked 
| 112|0x0000000717a00000, 0x0000000717a00000, 0x0000000717c00000|  0%| F|  |TAMS 0x0000000717a00000| PB 0x0000000717a00000| Untracked 
| 113|0x0000000717c00000, 0x0000000717d0ce60, 0x0000000717e00000| 52%| S|CS|TAMS 0x0000000717c00000| PB 0x0000000717c00000| Complete 
| 114|0x0000000717e00000, 0x0000000717e00000, 0x0000000718000000|  0%| F|  |TAMS 0x0000000717e00000| PB 0x0000000717e00000| Untracked 
| 115|0x0000000718000000, 0x0000000718000000, 0x0000000718200000|  0%| F|  |TAMS 0x0000000718000000| PB 0x0000000718000000| Untracked 
| 116|0x0000000718200000, 0x0000000718200000, 0x0000000718400000|  0%| F|  |TAMS 0x0000000718200000| PB 0x0000000718200000| Untracked 
| 117|0x0000000718400000, 0x0000000718400000, 0x0000000718600000|  0%| F|  |TAMS 0x0000000718400000| PB 0x0000000718400000| Untracked 
| 118|0x0000000718600000, 0x000000071868f750, 0x0000000718800000| 28%| E|  |TAMS 0x0000000718600000| PB 0x0000000718600000| Complete 
| 119|0x0000000718800000, 0x0000000718a00000, 0x0000000718a00000|100%| E|CS|TAMS 0x0000000718800000| PB 0x0000000718800000| Complete 
| 120|0x0000000718a00000, 0x0000000718c00000, 0x0000000718c00000|100%| E|  |TAMS 0x0000000718a00000| PB 0x0000000718a00000| Complete 
| 121|0x0000000718c00000, 0x0000000718e00000, 0x0000000718e00000|100%| E|CS|TAMS 0x0000000718c00000| PB 0x0000000718c00000| Complete 
| 122|0x0000000718e00000, 0x0000000719000000, 0x0000000719000000|100%| E|CS|TAMS 0x0000000718e00000| PB 0x0000000718e00000| Complete 
| 123|0x0000000719000000, 0x0000000719200000, 0x0000000719200000|100%| E|CS|TAMS 0x0000000719000000| PB 0x0000000719000000| Complete 

Card table byte_map: [0x00000285f2cb0000,0x00000285f3470000] _byte_map_base: 0x00000285ef463000

Marking Bits: (CMBitMap*) 0x00000285e9d9c700
 Bits: [0x00000285f3470000, 0x00000285f7208000)

Polling page: 0x00000285e7cf0000

Metaspace:

Usage:
  Non-class:      8.60 MB used.
      Class:      1.13 MB used.
       Both:      9.73 MB used.

Virtual space:
  Non-class space:       64.00 MB reserved,       8.75 MB ( 14%) committed,  1 nodes.
      Class space:        1.00 GB reserved,       1.25 MB ( <1%) committed,  1 nodes.
             Both:        1.06 GB reserved,      10.00 MB ( <1%) committed. 

Chunk freelists:
   Non-Class:  7.08 MB
       Class:  14.66 MB
        Both:  21.73 MB

MaxMetaspaceSize: unlimited
CompressedClassSpaceSize: 1.00 GB
Initial GC threshold: 21.00 MB
Current GC threshold: 21.00 MB
CDS: on
 - commit_granule_bytes: 65536.
 - commit_granule_words: 8192.
 - virtual_space_node_default_size: 8388608.
 - enlarge_chunks_in_place: 1.
 - use_allocation_guard: 0.


Internal statistics:

num_allocs_failed_limit: 0.
num_arena_births: 254.
num_arena_deaths: 0.
num_vsnodes_births: 2.
num_vsnodes_deaths: 0.
num_space_committed: 160.
num_space_uncommitted: 0.
num_chunks_returned_to_freelist: 0.
num_chunks_taken_from_freelist: 576.
num_chunk_merges: 0.
num_chunk_splits: 350.
num_chunks_enlarged: 213.
num_inconsistent_stats: 0.

CodeHeap 'non-profiled nmethods': size=120000Kb used=711Kb max_used=711Kb free=119288Kb
 bounds [0x0000028587ad0000, 0x0000028587d40000, 0x000002858f000000]
CodeHeap 'profiled nmethods': size=120000Kb used=3194Kb max_used=3194Kb free=116805Kb
 bounds [0x0000028580000000, 0x0000028580320000, 0x0000028587530000]
CodeHeap 'non-nmethods': size=5760Kb used=1525Kb max_used=1546Kb free=4234Kb
 bounds [0x0000028587530000, 0x00000285877a0000, 0x0000028587ad0000]
 total_blobs=2246 nmethods=1762 adapters=388
 compilation: enabled
              stopped_count=0, restarted_count=0
 full_count=0

Compilation events (20 events):
Event: 5.229 Thread 0x00000285f985b710 nmethod 1722 0x0000028587b80590 code [0x0000028587b80760, 0x0000028587b80ec8]
Event: 5.229 Thread 0x00000285f985b710 1729       4       org.springframework.util.Assert::notNull (14 bytes)
Event: 5.229 Thread 0x00000285f985b710 nmethod 1729 0x0000028587b81210 code [0x0000028587b813a0, 0x0000028587b81428]
Event: 5.229 Thread 0x00000285f985b710 1723       4       java.util.HashMap$KeyIterator::next (8 bytes)
Event: 5.234 Thread 0x00000285f985b710 nmethod 1723 0x0000028587b81510 code [0x0000028587b816c0, 0x0000028587b81b20]
Event: 5.234 Thread 0x00000285f985b710 1748       4       org.springframework.boot.context.config.ConfigDataEnvironmentContributor$ContributorIterator::fetchIfNecessary (153 bytes)
Event: 5.251 Thread 0x00000285f9859bd0 1758       3       jdk.internal.misc.Unsafe::ensureClassInitialized (18 bytes)
Event: 5.251 Thread 0x00000285f9859bd0 nmethod 1758 0x000002858031a310 code [0x000002858031a4e0, 0x000002858031a720]
Event: 5.252 Thread 0x00000285f9859bd0 1759       3       java.util.BitSet::wordIndex (5 bytes)
Event: 5.252 Thread 0x00000285f9859bd0 nmethod 1759 0x000002858031a810 code [0x000002858031a9a0, 0x000002858031aa90]
Event: 5.252 Thread 0x00000285f9859bd0 1760       3       java.util.BitSet::checkInvariants (111 bytes)
Event: 5.252 Thread 0x00000285f9859bd0 nmethod 1760 0x000002858031ab10 code [0x000002858031acc0, 0x000002858031adf8]
Event: 5.252 Thread 0x00000285f9859bd0 1761       3       java.util.BitSet::get (69 bytes)
Event: 5.252 Thread 0x00000285f9859bd0 nmethod 1761 0x000002858031ae90 code [0x000002858031b0e0, 0x000002858031b890]
Event: 5.252 Thread 0x00000285f9859bd0 1762       3       java.util.WeakHashMap::put (160 bytes)
Event: 5.253 Thread 0x00000285f9859bd0 nmethod 1762 0x000002858031bc10 code [0x000002858031bea0, 0x000002858031cf00]
Event: 5.257 Thread 0x00000285f9859bd0 1763       3       ch.qos.logback.classic.util.LoggerNameUtil::getSeparatorIndexOf (53 bytes)
Event: 5.257 Thread 0x00000285f9859bd0 nmethod 1763 0x000002858031d410 code [0x000002858031d5e0, 0x000002858031d8f8]
Event: 7.285 Thread 0x00000285f9859bd0 1768       3       java.lang.invoke.MethodHandles$Lookup::getDirectMethodNoSecurityManager (18 bytes)
Event: 7.286 Thread 0x00000285f9859bd0 nmethod 1768 0x000002858031da10 code [0x000002858031dbc0, 0x000002858031dd10]

GC Heap History (4 events):
Event: 1.341 GC heap before
{Heap before GC invocations=0 (full 0):
 garbage-first heap   total 253952K, used 20480K [0x0000000709a00000, 0x0000000800000000)
  region size 2048K, 11 young (22528K), 0 survivors (0K)
 Metaspace       used 4490K, committed 4736K, reserved 1114112K
  class space    used 481K, committed 576K, reserved 1048576K
}
Event: 1.349 GC heap after
{Heap after GC invocations=1 (full 0):
 garbage-first heap   total 253952K, used 8247K [0x0000000709a00000, 0x0000000800000000)
  region size 2048K, 2 young (4096K), 2 survivors (4096K)
 Metaspace       used 4490K, committed 4736K, reserved 1114112K
  class space    used 481K, committed 576K, reserved 1048576K
}
Event: 1.896 GC heap before
{Heap before GC invocations=1 (full 0):
 garbage-first heap   total 253952K, used 26679K [0x0000000709a00000, 0x0000000800000000)
  region size 2048K, 12 young (24576K), 2 survivors (4096K)
 Metaspace       used 7576K, committed 7808K, reserved 1114112K
  class space    used 869K, committed 960K, reserved 1048576K
}
Event: 1.901 GC heap after
{Heap after GC invocations=2 (full 0):
 garbage-first heap   total 253952K, used 9319K [0x0000000709a00000, 0x0000000800000000)
  region size 2048K, 1 young (2048K), 1 survivors (2048K)
 Metaspace       used 7576K, committed 7808K, reserved 1114112K
  class space    used 869K, committed 960K, reserved 1048576K
}

Dll operation events (12 events):
Event: 0.025 Loaded shared library C:\Program Files\Java\jdk-21\bin\java.dll
Event: 0.111 Loaded shared library C:\Program Files\Java\jdk-21\bin\jsvml.dll
Event: 0.397 Loaded shared library C:\Program Files\Java\jdk-21\bin\zip.dll
Event: 0.404 Loaded shared library C:\Program Files\Java\jdk-21\bin\instrument.dll
Event: 0.411 Loaded shared library C:\Program Files\Java\jdk-21\bin\net.dll
Event: 0.414 Loaded shared library C:\Program Files\Java\jdk-21\bin\nio.dll
Event: 0.419 Loaded shared library C:\Program Files\Java\jdk-21\bin\zip.dll
Event: 0.816 Loaded shared library C:\Program Files\JetBrains\IntelliJ IDEA Community Edition 2024.3.1.1\bin\breakgen64.dll
Event: 0.828 Loaded shared library C:\Program Files\Java\jdk-21\bin\extnet.dll
Event: 0.884 Loaded shared library C:\Program Files\Java\jdk-21\bin\jimage.dll
Event: 1.398 Loaded shared library C:\Program Files\Java\jdk-21\bin\management.dll
Event: 1.400 Loaded shared library C:\Program Files\Java\jdk-21\bin\management_ext.dll

Deoptimization events (20 events):
Event: 2.055 Thread 0x00000285ff08cb80 DEOPT PACKING pc=0x0000028587ae3650 sp=0x000000d5e27fcb10
Event: 2.055 Thread 0x00000285ff08cb80 DEOPT UNPACKING pc=0x0000028587587da2 sp=0x000000d5e27fcaa8 mode 2
Event: 2.126 Thread 0x00000285ff08cb80 Uncommon trap: trap_request=0xffffffd6 fr.pc=0x0000028587b7c7b8 relative=0x0000000000000d78
Event: 2.126 Thread 0x00000285ff08cb80 Uncommon trap: reason=array_check action=maybe_recompile pc=0x0000028587b7c7b8 method=org.springframework.boot.context.properties.source.ConfigurationPropertyName.getElement(ILorg/springframework/boot/context/properties/source/ConfigurationPropertyName$Fo
Event: 2.126 Thread 0x00000285ff08cb80 DEOPT PACKING pc=0x0000028587b7c7b8 sp=0x000000d5e27fc330
Event: 2.126 Thread 0x00000285ff08cb80 DEOPT UNPACKING pc=0x0000028587587da2 sp=0x000000d5e27fc2f8 mode 2
Event: 2.126 Thread 0x00000285ff08cb80 Uncommon trap: trap_request=0xffffffd6 fr.pc=0x0000028587b7c7b8 relative=0x0000000000000d78
Event: 2.126 Thread 0x00000285ff08cb80 Uncommon trap: reason=array_check action=maybe_recompile pc=0x0000028587b7c7b8 method=org.springframework.boot.context.properties.source.ConfigurationPropertyName.getElement(ILorg/springframework/boot/context/properties/source/ConfigurationPropertyName$Fo
Event: 2.126 Thread 0x00000285ff08cb80 DEOPT PACKING pc=0x0000028587b7c7b8 sp=0x000000d5e27fc330
Event: 2.126 Thread 0x00000285ff08cb80 DEOPT UNPACKING pc=0x0000028587587da2 sp=0x000000d5e27fc2f8 mode 2
Event: 2.126 Thread 0x00000285ff08cb80 Uncommon trap: trap_request=0xffffffd6 fr.pc=0x0000028587b7c7b8 relative=0x0000000000000d78
Event: 2.126 Thread 0x00000285ff08cb80 Uncommon trap: reason=array_check action=maybe_recompile pc=0x0000028587b7c7b8 method=org.springframework.boot.context.properties.source.ConfigurationPropertyName.getElement(ILorg/springframework/boot/context/properties/source/ConfigurationPropertyName$Fo
Event: 2.126 Thread 0x00000285ff08cb80 DEOPT PACKING pc=0x0000028587b7c7b8 sp=0x000000d5e27fc330
Event: 2.126 Thread 0x00000285ff08cb80 DEOPT UNPACKING pc=0x0000028587587da2 sp=0x000000d5e27fc2f8 mode 2
Event: 2.126 Thread 0x00000285ff08cb80 Uncommon trap: trap_request=0xffffffd6 fr.pc=0x0000028587b7c7b8 relative=0x0000000000000d78
Event: 2.126 Thread 0x00000285ff08cb80 Uncommon trap: reason=array_check action=maybe_recompile pc=0x0000028587b7c7b8 method=org.springframework.boot.context.properties.source.ConfigurationPropertyName.getElement(ILorg/springframework/boot/context/properties/source/ConfigurationPropertyName$Fo
Event: 2.126 Thread 0x00000285ff08cb80 DEOPT PACKING pc=0x0000028587b7c7b8 sp=0x000000d5e27fc330
Event: 2.126 Thread 0x00000285ff08cb80 DEOPT UNPACKING pc=0x0000028587587da2 sp=0x000000d5e27fc2f8 mode 2
Event: 2.136 Thread 0x00000285ff08cb80 DEOPT PACKING pc=0x000002858012f408 sp=0x000000d5e27fd530
Event: 2.136 Thread 0x00000285ff08cb80 DEOPT UNPACKING pc=0x00000285875888e2 sp=0x000000d5e27fc9b8 mode 0

Classes loaded (20 events):
Event: 7.278 Loading class sun/invoke/util/VerifyAccess$1
Event: 7.279 Loading class sun/invoke/util/VerifyAccess$1 done
Event: 7.279 Loading class javax/xml/transform/TransformerFactory
Event: 7.280 Loading class javax/xml/transform/TransformerFactory done
Event: 7.280 Loading class javax/xml/transform/FactoryFinder
Event: 7.280 Loading class javax/xml/transform/FactoryFinder done
Event: 7.280 Loading class jdk/xml/internal/SecuritySupport
Event: 7.281 Loading class jdk/xml/internal/SecuritySupport done
Event: 7.283 Loading class javax/xml/transform/FactoryFinder$1
Event: 7.283 Loading class javax/xml/transform/FactoryFinder$1 done
Event: 7.284 Loading class jdk/internal/foreign/MemorySessionImpl
Event: 7.284 Loading class java/lang/foreign/MemorySegment$Scope
Event: 7.284 Loading class java/lang/foreign/MemorySegment$Scope done
Event: 7.284 Loading class jdk/internal/foreign/MemorySessionImpl done
Event: 7.286 Loading class com/sun/org/apache/xalan/internal/xsltc/trax/TransformerFactoryImpl
Event: 8.291 Loading class com/sun/org/apache/xalan/internal/xsltc/compiler/SourceLoader
Event: 8.291 Loading class com/sun/org/apache/xalan/internal/xsltc/compiler/SourceLoader done
Event: 9.303 Loading class javax/xml/transform/sax/SAXTransformerFactory
Event: 9.304 Loading class javax/xml/transform/sax/SAXTransformerFactory done
Event: 9.304 Loading class com/sun/org/apache/xalan/internal/xsltc/trax/TransformerFactoryImpl done

Classes unloaded (0 events):
No events

Classes redefined (0 events):
No events

Internal exceptions (20 events):
Event: 1.576 Thread 0x00000285ff08cb80 Exception <a 'java/lang/NoSuchMethodError'{0x000000071848f038}: 'java.lang.Object java.lang.invoke.DirectMethodHandle$Holder.invokeStaticInit(java.lang.Object, java.lang.Object, java.lang.Object)'> (0x000000071848f038) 
thrown [s\open\src\hotspot\share\interpreter\linkResolver.cpp, line 773]
Event: 1.603 Thread 0x00000285ff08cb80 Exception <a 'java/lang/IncompatibleClassChangeError'{0x0000000718512990}: Found class java.lang.Object, but interface was expected> (0x0000000718512990) 
thrown [s\open\src\hotspot\share\interpreter\linkResolver.cpp, line 840]
Event: 1.628 Thread 0x00000285ff08cb80 Exception <a 'sun/nio/fs/WindowsException'{0x000000071858d9a8}> (0x000000071858d9a8) 
thrown [s\open\src\hotspot\share\prims\jni.cpp, line 520]
Event: 1.810 Thread 0x00000285ff08cb80 Exception <a 'java/lang/NoSuchMethodError'{0x0000000718185ec8}: 'int java.lang.invoke.DirectMethodHandle$Holder.invokeStatic(java.lang.Object, java.lang.Object, java.lang.Object, java.lang.Object)'> (0x0000000718185ec8) 
thrown [s\open\src\hotspot\share\interpreter\linkResolver.cpp, line 773]
Event: 1.810 Thread 0x00000285ff08cb80 Exception <a 'java/lang/NoSuchMethodError'{0x0000000718189558}: 'java.lang.Object java.lang.invoke.Invokers$Holder.invokeExact_MT(java.lang.Object, java.lang.Object, java.lang.Object, java.lang.Object, java.lang.Object, java.lang.Object)'> (0x0000000718189558) 
thrown [s\open\src\hotspot\share\interpreter\linkResolver.cpp, line 773]
Event: 1.870 Thread 0x00000285ff08cb80 Exception <a 'java/lang/NoSuchMethodError'{0x0000000717f4ac48}: 'java.lang.Object java.lang.invoke.DirectMethodHandle$Holder.newInvokeSpecial(java.lang.Object, java.lang.Object, java.lang.Object, java.lang.Object, java.lang.Object, java.lang.Object, java.lang.Object)'> (0x0000000717f4ac48) 
thrown [s\open\src\hotspot\share\interpreter\linkResolver.cpp, line 773]
Event: 1.874 Thread 0x00000285ff08cb80 Exception <a 'java/lang/NoSuchMethodError'{0x0000000717f67100}: 'void java.lang.invoke.DirectMethodHandle$Holder.invokeStaticInit(java.lang.Object, java.lang.Object)'> (0x0000000717f67100) 
thrown [s\open\src\hotspot\share\interpreter\linkResolver.cpp, line 773]
Event: 1.905 Thread 0x00000285ff08cb80 Exception <a 'java/lang/NoSuchMethodError'{0x00000007190073e8}: 'java.lang.Object java.lang.invoke.DirectMethodHandle$Holder.invokeSpecial(java.lang.Object, java.lang.Object, java.lang.Object, java.lang.Object, java.lang.Object, java.lang.Object, int)'> (0x00000007190073e8) 
thrown [s\open\src\hotspot\share\interpreter\linkResolver.cpp, line 773]
Event: 1.906 Thread 0x00000285ff08cb80 Exception <a 'java/lang/NoSuchMethodError'{0x0000000719010910}: 'java.lang.Object java.lang.invoke.DirectMethodHandle$Holder.newInvokeSpecial(java.lang.Object, java.lang.Object, java.lang.Object, java.lang.Object, java.lang.Object, java.lang.Object, int)'> (0x0000000719010910) 
thrown [s\open\src\hotspot\share\interpreter\linkResolver.cpp, line 773]
Event: 1.906 Thread 0x00000285ff08cb80 Exception <a 'java/lang/NoSuchMethodError'{0x0000000719014ed0}: 'java.lang.Object java.lang.invoke.DirectMethodHandle$Holder.invokeSpecial(java.lang.Object, java.lang.Object, java.lang.Object, java.lang.Object, java.lang.Object, java.lang.Object, java.lang.Object, int)'> (0x0000000719014ed0) 
thrown [s\open\src\hotspot\share\interpreter\linkResolver.cpp, line 773]
Event: 1.963 Thread 0x00000285ff08cb80 Exception <a 'java/lang/NoSuchMethodError'{0x00000007191d2530}: 'int java.lang.invoke.DirectMethodHandle$Holder.invokeInterface(java.lang.Object, java.lang.Object)'> (0x00000007191d2530) 
thrown [s\open\src\hotspot\share\interpreter\linkResolver.cpp, line 773]
Event: 2.062 Thread 0x00000285ff08cb80 Exception <a 'java/lang/NoSuchMethodError'{0x0000000718fdd288}: 'java.lang.Object java.lang.invoke.DirectMethodHandle$Holder.invokeSpecial(java.lang.Object, java.lang.Object, java.lang.Object, int, java.lang.Object)'> (0x0000000718fdd288) 
thrown [s\open\src\hotspot\share\interpreter\linkResolver.cpp, line 773]
Event: 2.063 Thread 0x00000285ff08cb80 Exception <a 'java/lang/NoSuchMethodError'{0x0000000718fe4df0}: 'java.lang.Object java.lang.invoke.DirectMethodHandle$Holder.newInvokeSpecial(java.lang.Object, java.lang.Object, java.lang.Object, int, java.lang.Object)'> (0x0000000718fe4df0) 
thrown [s\open\src\hotspot\share\interpreter\linkResolver.cpp, line 773]
Event: 2.064 Thread 0x00000285ff08cb80 Exception <a 'java/lang/NoSuchMethodError'{0x0000000718fec2c8}: 'java.lang.Object java.lang.invoke.Invokers$Holder.linkToTargetMethod(java.lang.Object, java.lang.Object, int, java.lang.Object, java.lang.Object)'> (0x0000000718fec2c8) 
thrown [s\open\src\hotspot\share\interpreter\linkResolver.cpp, line 773]
Event: 2.065 Thread 0x00000285ff08cb80 Exception <a 'java/lang/NoSuchMethodError'{0x0000000718ff6e58}: 'java.lang.Object java.lang.invoke.DirectMethodHandle$Holder.newInvokeSpecial(java.lang.Object, int, java.lang.Object)'> (0x0000000718ff6e58) 
thrown [s\open\src\hotspot\share\interpreter\linkResolver.cpp, line 773]
Event: 2.066 Thread 0x00000285ff08cb80 Exception <a 'java/lang/NoSuchMethodError'{0x0000000718ffb8a0}: 'int java.lang.invoke.DirectMethodHandle$Holder.invokeSpecialIFC(java.lang.Object, java.lang.Object, java.lang.Object, java.lang.Object)'> (0x0000000718ffb8a0) 
thrown [s\open\src\hotspot\share\interpreter\linkResolver.cpp, line 773]
Event: 2.078 Thread 0x00000285ff08cb80 Exception <a 'java/lang/NoSuchMethodError'{0x0000000718c45108}: 'java.lang.reflect.Field[] java.lang.Class.getDeclaredFields(java.lang.Class)'> (0x0000000718c45108) 
thrown [s\open\src\hotspot\share\interpreter\linkResolver.cpp, line 773]
Event: 2.079 Thread 0x00000285ff08cb80 Exception <a 'java/lang/NoSuchMethodError'{0x0000000718c49d18}: 'java.lang.Object java.lang.invoke.DirectMethodHandle$Holder.invokeStatic(java.lang.Object, java.lang.Object, int)'> (0x0000000718c49d18) 
thrown [s\open\src\hotspot\share\interpreter\linkResolver.cpp, line 773]
Event: 2.080 Thread 0x00000285ff08cb80 Exception <a 'java/lang/NoSuchMethodError'{0x0000000718c553c8}: 'void java.lang.invoke.DelegatingMethodHandle$Holder.delegate(java.lang.Object, java.lang.Object, int, java.lang.Object)'> (0x0000000718c553c8) 
thrown [s\open\src\hotspot\share\interpreter\linkResolver.cpp, line 773]
Event: 5.251 Thread 0x00000285ff08cb80 Exception <a 'java/lang/NoSuchMethodError'{0x00000007188d4a30}: 'void java.lang.invoke.DirectMethodHandle$Holder.invokeSpecial(java.lang.Object, java.lang.Object, java.lang.Object, java.lang.Object, java.lang.Object)'> (0x00000007188d4a30) 
thrown [s\open\src\hotspot\share\interpreter\linkResolver.cpp, line 773]

ZGC Phase Switch (0 events):
No events

VM Operations (20 events):
Event: 1.349 Executing VM operation: G1CollectForAllocation (G1 Evacuation Pause) done
Event: 1.630 Executing VM operation: HandshakeAllThreads (Deoptimize)
Event: 1.631 Executing VM operation: HandshakeAllThreads (Deoptimize) done
Event: 1.896 Executing VM operation: G1CollectForAllocation (G1 Evacuation Pause)
Event: 1.901 Executing VM operation: G1CollectForAllocation (G1 Evacuation Pause) done
Event: 1.987 Executing VM operation: HandshakeAllThreads (Deoptimize)
Event: 1.987 Executing VM operation: HandshakeAllThreads (Deoptimize) done
Event: 2.079 Executing VM operation: HandshakeAllThreads (Deoptimize)
Event: 2.079 Executing VM operation: HandshakeAllThreads (Deoptimize) done
Event: 3.091 Executing VM operation: Cleanup
Event: 3.091 Executing VM operation: Cleanup done
Event: 5.250 Executing VM operation: HandshakeAllThreads (Deoptimize)
Event: 5.250 Executing VM operation: HandshakeAllThreads (Deoptimize) done
Event: 5.250 Executing VM operation: Cleanup
Event: 5.250 Executing VM operation: Cleanup done
Event: 5.250 Executing VM operation: HandshakeAllThreads (Deoptimize)
Event: 5.250 Executing VM operation: HandshakeAllThreads (Deoptimize) done
Event: 6.264 Executing VM operation: Cleanup
Event: 6.264 Executing VM operation: Cleanup done
Event: 8.290 Executing VM operation: Cleanup

Events (15 events):
Event: 0.065 Thread 0x00000285e7b932e0 Thread added: 0x00000285e7b932e0
Event: 0.105 Thread 0x00000285f9841100 Thread added: 0x00000285f9841100
Event: 0.105 Thread 0x00000285f9841c40 Thread added: 0x00000285f9841c40
Event: 0.106 Thread 0x00000285f9845c30 Thread added: 0x00000285f9845c30
Event: 0.106 Thread 0x00000285f9846770 Thread added: 0x00000285f9846770
Event: 0.106 Thread 0x00000285f98492c0 Thread added: 0x00000285f98492c0
Event: 0.106 Thread 0x00000285f9857f50 Thread added: 0x00000285f9857f50
Event: 0.106 Thread 0x00000285fe010090 Thread added: 0x00000285fe010090
Event: 0.107 Thread 0x00000285f9859bd0 Thread added: 0x00000285f9859bd0
Event: 0.371 Thread 0x00000285fe0ef710 Thread added: 0x00000285fe0ef710
Event: 0.817 Thread 0x00000285fe75e070 Thread added: 0x00000285fe75e070
Event: 0.817 Thread 0x00000285fe3f5090 Thread added: 0x00000285fe3f5090
Event: 1.508 Thread 0x00000285ff074050 Thread added: 0x00000285ff074050
Event: 1.512 Thread 0x00000285ff08cb80 Thread added: 0x00000285ff08cb80
Event: 5.206 Thread 0x00000285f985b710 Thread added: 0x00000285f985b710


Dynamic libraries:
0x00007ff7713b0000 - 0x00007ff7713c0000 	C:\Program Files\Java\jdk-21\bin\java.exe
0x00007ff83b2e0000 - 0x00007ff83b548000 	C:\WINDOWS\SYSTEM32\ntdll.dll
0x00007ff83a810000 - 0x00007ff83a8d9000 	C:\WINDOWS\System32\KERNEL32.DLL
0x00007ff838cb0000 - 0x00007ff8390a2000 	C:\WINDOWS\System32\KERNELBASE.dll
0x00007ff838670000 - 0x00007ff8387bb000 	C:\WINDOWS\System32\ucrtbase.dll
0x00007ff832c70000 - 0x00007ff832c89000 	C:\Program Files\Java\jdk-21\bin\jli.dll
0x00007ff832ca0000 - 0x00007ff832cbb000 	C:\Program Files\Java\jdk-21\bin\VCRUNTIME140.dll
0x00007ff83ae70000 - 0x00007ff83af24000 	C:\WINDOWS\System32\ADVAPI32.dll
0x00007ff83a610000 - 0x00007ff83a6b9000 	C:\WINDOWS\System32\msvcrt.dll
0x00007ff839980000 - 0x00007ff839a26000 	C:\WINDOWS\System32\sechost.dll
0x00007ff83a8e0000 - 0x00007ff83a9f8000 	C:\WINDOWS\System32\RPCRT4.dll
0x00007ff83ab30000 - 0x00007ff83acf5000 	C:\WINDOWS\System32\USER32.dll
0x00007ff8389e0000 - 0x00007ff838a07000 	C:\WINDOWS\System32\win32u.dll
0x00007ff81e580000 - 0x00007ff81e813000 	C:\WINDOWS\WinSxS\amd64_microsoft.windows.common-controls_6595b64144ccf1df_6.0.26100.6899_none_3e0efeeae32e88c1\COMCTL32.dll
0x00007ff839b10000 - 0x00007ff839b3b000 	C:\WINDOWS\System32\GDI32.dll
0x00007ff838ac0000 - 0x00007ff838bed000 	C:\WINDOWS\System32\gdi32full.dll
0x00007ff838a10000 - 0x00007ff838ab3000 	C:\WINDOWS\System32\msvcp_win.dll
0x00007ff82d080000 - 0x00007ff82d08b000 	C:\WINDOWS\SYSTEM32\VERSION.dll
0x00007ff83b160000 - 0x00007ff83b18f000 	C:\WINDOWS\System32\IMM32.DLL
0x00007ff832c60000 - 0x00007ff832c6c000 	C:\Program Files\Java\jdk-21\bin\vcruntime140_1.dll
0x00007ffff2c30000 - 0x00007ffff2cbe000 	C:\Program Files\Java\jdk-21\bin\msvcp140.dll
0x00007fffe4ec0000 - 0x00007fffe5bda000 	C:\Program Files\Java\jdk-21\bin\server\jvm.dll
0x00007ff83ad70000 - 0x00007ff83ade4000 	C:\WINDOWS\System32\WS2_32.dll
0x00007ff8382d0000 - 0x00007ff83832e000 	C:\WINDOWS\SYSTEM32\POWRPROF.dll
0x00007ff82d090000 - 0x00007ff82d0c5000 	C:\WINDOWS\SYSTEM32\WINMM.dll
0x00007ff8382b0000 - 0x00007ff8382c4000 	C:\WINDOWS\SYSTEM32\UMPDC.dll
0x00007ff837200000 - 0x00007ff83721b000 	C:\WINDOWS\SYSTEM32\kernel.appcore.dll
0x00007ff832c50000 - 0x00007ff832c5a000 	C:\Program Files\Java\jdk-21\bin\jimage.dll
0x00007ff835ba0000 - 0x00007ff835de2000 	C:\WINDOWS\SYSTEM32\DBGHELP.DLL
0x00007ff83a290000 - 0x00007ff83a60b000 	C:\WINDOWS\System32\combase.dll
0x00007ff839a30000 - 0x00007ff839b07000 	C:\WINDOWS\System32\OLEAUT32.dll
0x00007ff80e950000 - 0x00007ff80e98c000 	C:\WINDOWS\SYSTEM32\dbgcore.DLL
0x00007ff838940000 - 0x00007ff8389d8000 	C:\WINDOWS\System32\bcryptPrimitives.dll
0x00007ff8302c0000 - 0x00007ff8302cf000 	C:\Program Files\Java\jdk-21\bin\instrument.dll
0x00007ff8302d0000 - 0x00007ff8302ef000 	C:\Program Files\Java\jdk-21\bin\java.dll
0x00007ff839b40000 - 0x00007ff83a28d000 	C:\WINDOWS\System32\SHELL32.dll
0x00007ff838500000 - 0x00007ff83866b000 	C:\WINDOWS\System32\wintypes.dll
0x00007ff836080000 - 0x00007ff8368dd000 	C:\WINDOWS\SYSTEM32\windows.storage.dll
0x00007ff83aa30000 - 0x00007ff83ab22000 	C:\WINDOWS\System32\SHCORE.dll
0x00007ff83ad00000 - 0x00007ff83ad62000 	C:\WINDOWS\System32\shlwapi.dll
0x00007ff838390000 - 0x00007ff8383b9000 	C:\WINDOWS\SYSTEM32\profapi.dll
0x00007ffff2570000 - 0x00007ffff2647000 	C:\Program Files\Java\jdk-21\bin\jsvml.dll
0x00007ff8240f0000 - 0x00007ff824108000 	C:\Program Files\Java\jdk-21\bin\zip.dll
0x00007ff82fc80000 - 0x00007ff82fc90000 	C:\Program Files\Java\jdk-21\bin\net.dll
0x00007ff82f8c0000 - 0x00007ff82f9df000 	C:\WINDOWS\SYSTEM32\WINHTTP.dll
0x00007ff837750000 - 0x00007ff8377bb000 	C:\WINDOWS\system32\mswsock.dll
0x00007ff82faa0000 - 0x00007ff82fab6000 	C:\Program Files\Java\jdk-21\bin\nio.dll
0x00007ff816460000 - 0x00007ff81647a000 	C:\Program Files\JetBrains\IntelliJ IDEA Community Edition 2024.3.1.1\bin\breakgen64.dll
0x00007ff82fc70000 - 0x00007ff82fc79000 	C:\Program Files\Java\jdk-21\bin\extnet.dll
0x00007ff816140000 - 0x00007ff81614a000 	C:\Program Files\Java\jdk-21\bin\management.dll
0x00007ff8107c0000 - 0x00007ff8107cb000 	C:\Program Files\Java\jdk-21\bin\management_ext.dll
0x00007ff83b150000 - 0x00007ff83b158000 	C:\WINDOWS\System32\PSAPI.DLL

dbghelp: loaded successfully - version: 4.0.5 - missing functions: none
symbol engine: initialized successfully - sym options: 0x614 - pdb path: .;C:\Program Files\Java\jdk-21\bin;C:\WINDOWS\SYSTEM32;C:\WINDOWS\WinSxS\amd64_microsoft.windows.common-controls_6595b64144ccf1df_6.0.26100.6899_none_3e0efeeae32e88c1;C:\Program Files\Java\jdk-21\bin\server;C:\Program Files\JetBrains\IntelliJ IDEA Community Edition 2024.3.1.1\bin

VM Arguments:
jvm_args: -javaagent:C:\Program Files\JetBrains\IntelliJ IDEA Community Edition 2024.3.1.1\lib\idea_rt.jar=62617:C:\Program Files\JetBrains\IntelliJ IDEA Community Edition 2024.3.1.1\bin -Dfile.encoding=UTF-8 -Dsun.stdout.encoding=UTF-8 -Dsun.stderr.encoding=UTF-8 
java_command: sn.diabete.medecin.MedecinServiceApplication
java_class_path (initial): C:\Program Files\Java\jdk-21;C:\suivieGlycemie\medecin-service\patient-service-master\target\classes;C:\Users\DELL\.m2\repository\org\springframework\boot\spring-boot-starter-web\3.2.5\spring-boot-starter-web-3.2.5.jar;C:\Users\DELL\.m2\repository\org\springframework\boot\spring-boot-starter\3.2.5\spring-boot-starter-3.2.5.jar;C:\Users\DELL\.m2\repository\org\springframework\boot\spring-boot-starter-logging\3.2.5\spring-boot-starter-logging-3.2.5.jar;C:\Users\DELL\.m2\repository\ch\qos\logback\logback-classic\1.4.14\logback-classic-1.4.14.jar;C:\Users\DELL\.m2\repository\ch\qos\logback\logback-core\1.4.14\logback-core-1.4.14.jar;C:\Users\DELL\.m2\repository\org\apache\logging\log4j\log4j-to-slf4j\2.21.1\log4j-to-slf4j-2.21.1.jar;C:\Users\DELL\.m2\repository\org\apache\logging\log4j\log4j-api\2.21.1\log4j-api-2.21.1.jar;C:\Users\DELL\.m2\repository\org\slf4j\jul-to-slf4j\2.0.13\jul-to-slf4j-2.0.13.jar;C:\Users\DELL\.m2\repository\jakarta\annotation\jakarta.annotation-api\2.1.1\jakarta.annotation-api-2.1.1.jar;C:\Users\DELL\.m2\repository\org\yaml\snakeyaml\2.2\snakeyaml-2.2.jar;C:\Users\DELL\.m2\repository\org\springframework\boot\spring-boot-starter-json\3.2.5\spring-boot-starter-json-3.2.5.jar;C:\Users\DELL\.m2\repository\com\fasterxml\jackson\datatype\jackson-datatype-jdk8\2.15.4\jackson-datatype-jdk8-2.15.4.jar;C:\Users\DELL\.m2\repository\com\fasterxml\jackson\datatype\jackson-datatype-jsr310\2.15.4\jackson-datatype-jsr310-2.15.4.jar;C:\Users\DELL\.m2\repository\com\fasterxml\jackson\module\jackson-module-parameter-names\2.15.4\jackson-module-parameter-names-2.15.4.jar;C:\Users\DELL\.m2\repository\org\springframework\boot\spring-boot-starter-tomcat\3.2.5\spring-boot-starter-tomcat-3.2.5.jar;C:\Users\DELL\.m2\repository\org\apache\tomcat\embed\tomcat-embed-core\10.1.20\tomcat-embed-core-10.1.20.jar;C:\Users\DELL\.m2\repository\org\apache\tomcat\embed\tomcat-embed-websocket\10.1.20\tomcat-embed-websocket-10.1.20.jar;C:\Users\DELL\.m2\repository\org\springframework\spring-web\6.1.6\spring-web-6.1.6.jar;C:\Users\DELL\.m2\repository\org\springframework\spring-beans\6.1.6\spring-beans-6.1.6.jar;C:\Users\DELL\.m2\repository\io\micrometer\micrometer-observation\1.12.5\micrometer-observation-1.12.5.jar;C:\Users\DELL\.m2\repository\io\micrometer\micrometer-commons\1.12.5\micrometer-commons-1.12.5.jar;C:\Users\DELL\.m2\repository\org\springframework\spring-webmvc\6.1.6\spring-webmvc-6.1.6.jar;C:\Users\DELL\.m2\repository\org\springframework\spring-aop\6.1.6\spring-aop-6.1.6.jar;C:\Users\DELL\.m2\repository\org\springframework\spring-context\6.1.6\spring-context-6.1.6.jar;C:\Users\DELL\.m2\repository\org\springframework\spring-expression\6.1.6\spring-expression-6.1.6.jar;C:\Users\DELL\.m2\repository\org\springframework\boot\spring-boot-starter-data-jpa\3.2.5\spring-boot-starter-data-jpa-3.2.5.jar;C:\Users\DELL\.m2\repository\org\springframework\boot\spring-boot-starter-aop\3.2.5\spring-boot-starter-aop-3.2.5.jar;C:\Users\DELL\.m2\repository\org\aspectj\aspectjweaver\1.9.22\aspectjweaver-1.9.22.jar;C:\Users\DELL\.m2\repository\org\springframework\boot\spring-boot-starter-jdbc\3.2.5\spring-boot-starter-jdbc-3.2.5.jar;C:\Users\DELL\.m2\repository\com\zaxxer\HikariCP\5.0.1\HikariCP-5.0.1.jar;C:\Users\DELL\.m2\repository\org\springframework\spring-jdbc\6.1.6\spring-jdbc-6.1.6.jar;C:\Users\DELL\.m2\repository\org\hibernate\orm\hibernate-core\6.4.4.Final\hibernate-core-6.4.4.Final.jar;C:\Users\DELL\.m2\repository\jakarta\persistence\jakarta.persistence-api\3.1.0\jakarta.persistence-api-3.1.0.jar;C:\Users\DELL\.m2\repository\jakarta\transaction\jakarta.transaction-api\2.0.1\jakarta.transaction-api-2.0.1.jar;C:\Users\DELL\.m2\repository\org\jboss\logging\jboss-logging\3.5.3.Final\jboss-logging-3.5.3.Final.jar;C:\Users\DELL\.m2\repository\org\hibernate\common\hibernate-commons-annotations\6.0.6.Final\hibernate-commons-annotations-6.0.6.Final.jar;C:\Users\DELL\.m2\repository\io\smallrye\jandex\3.1.2\jandex-3.1.2.jar;C:\Users\DELL\.m2\repository\com\fasterxml\classmate\1.6.0\classmate-1.6.0.jar;C:\Users\DELL\.m2\repository\net\bytebuddy\byte-buddy\1.14.13\byte-buddy-1.14.13.jar;C:\Users\DELL\.m2\repository\org\glassfish\jaxb\jaxb-runtime\4.0.5\jaxb-runtime-4.0.5.jar;C:\Users\DELL\.m2\repository\org\glassfish\jaxb\jaxb-core\4.0.5\jaxb-core-4.0.5.jar;C:\Users\DELL\.m2\repository\org\eclipse\angus\angus-activation\2.0.2\angus-activation-2.0.2.jar;C:\Users\DELL\.m2\repository\org\glassfish\jaxb\txw2\4.0.5\txw2-4.0.5.jar;C:\Users\DELL\.m2\repository\com\sun\istack\istack-commons-runtime\4.1.2\istack-commons-runtime-4.1.2.jar;C:\Users\DELL\.m2\repository\jakarta\inject\jakarta.inject-api\2.0.1\jakarta.inject-api-2.0.1.jar;C:\Users\DELL\.m2\repository\org\antlr\antlr4-runtime\4.13.0\antlr4-runtime-4.13.0.jar;C:\Users\DELL\.m2\repository\org\springframework\data\spring-data-jpa\3.2.5\spring-data-jpa-3.2.5.jar;C:\Users\DELL\.m2\repository\org\springframework\data\spring-data-commons\3.2.5\spring-data-commons-3.2.5.jar;C:\Users\DELL\.m2\repository\org\springframework\spring-orm\6.1.6\spring-orm-6.1.6.jar;C:\Users\DELL\.m2\repository\org\springframework\spring-tx\6.1.6\spring-tx-6.1.6.jar;C:\Users\DELL\.m2\repository\org\slf4j\slf4j-api\2.0.13\slf4j-api-2.0.13.jar;C:\Users\DELL\.m2\repository\org\springframework\spring-aspects\6.1.6\spring-aspects-6.1.6.jar;C:\Users\DELL\.m2\repository\org\springframework\boot\spring-boot-starter-validation\3.2.5\spring-boot-starter-validation-3.2.5.jar;C:\Users\DELL\.m2\repository\org\apache\tomcat\embed\tomcat-embed-el\10.1.20\tomcat-embed-el-10.1.20.jar;C:\Users\DELL\.m2\repository\org\hibernate\validator\hibernate-validator\8.0.1.Final\hibernate-validator-8.0.1.Final.jar;C:\Users\DELL\.m2\repository\jakarta\validation\jakarta.validation-api\3.0.2\jakarta.validation-api-3.0.2.jar;C:\Users\DELL\.m2\repository\com\h2database\h2\2.2.224\h2-2.2.224.jar;C:\Users\DELL\.m2\repository\org\springdoc\springdoc-openapi-starter-webmvc-ui\2.5.0\springdoc-openapi-starter-webmvc-ui-2.5.0.jar;C:\Users\DELL\.m2\repository\org\springdoc\springdoc-openapi-starter-webmvc-api\2.5.0\springdoc-openapi-starter-webmvc-api-2.5.0.jar;C:\Users\DELL\.m2\repository\org\springdoc\springdoc-openapi-starter-common\2.5.0\springdoc-openapi-starter-common-2.5.0.jar;C:\Users\DELL\.m2\repository\io\swagger\core\v3\swagger-core-jakarta\2.2.21\swagger-core-jakarta-2.2.21.jar;C:\Users\DELL\.m2\repository\org\apache\commons\commons-lang3\3.13.0\commons-lang3-3.13.0.jar;C:\Users\DELL\.m2\repository\io\swagger\core\v3\swagger-annotations-jakarta\2.2.21\swagger-annotations-jakarta-2.2.21.jar;C:\Users\DELL\.m2\repository\io\swagger\core\v3\swagger-models-jakarta\2.2.21\swagger-models-jakarta-2.2.21.jar;C:\Users\DELL\.m2\repository\com\fasterxml\jackson\dataformat\jackson-dataformat-yaml\2.15.4\jackson-dataformat-yaml-2.15.4.jar;C:\Users\DELL\.m2\repository\org\webjars\swagger-ui\5.13.0\swagger-ui-5.13.0.jar;C:\Users\DELL\.m2\repository\org\mapstruct\mapstruct\1.6.3\mapstruct-1.6.3.jar;C:\Users\DELL\.m2\repository\org\springframework\boot\spring-boot-devtools\3.2.5\spring-boot-devtools-3.2.5.jar;C:\Users\DELL\.m2\repository\org\springframework\boot\spring-boot\3.2.5\spring-boot-3.2.5.jar;C:\Users\DELL\.m2\repository\org\springframework\boot\spring-boot-autoconfigure\3.2.5\spring-boot-autoconfigure-3.2.5.jar;C:\Users\DELL\.m2\repository\jakarta\xml\bind\jakarta.xml.bind-api\4.0.2\jakarta.xml.bind-api-4.0.2.jar;C:\Users\DELL\.m2\repository\jakarta\activation\jakarta.activation-api\2.1.3\jakarta.activation-api-2.1.3.jar;C:\Users\DELL\.m2\repository\org\springframework\spring-core\6.1.6\spring-core-6.1.6.jar;C:\Users\DELL\.m2\repository\org\springframework\spring-jcl\6.1.6\spring-jcl-6.1.6.jar;C:\Users\DELL\.m2\repository\org\springframework\cloud\spring-cloud-starter-config\4.1.1\spring-cloud-starter-config-4.1.1.jar;C:\Users\DELL\.m2\repository\org\springframework\cloud\spring-cloud-starter\4.1.2\spring-cloud-starter-4.1.2.jar;C:\Users\DELL\.m2\repository\org\springframework\cloud\spring-cloud-context\4.1.2\spring-cloud-context-4.1.2.jar;C:\Users\DELL\.m2\repository\org\springframework\security\spring-security-crypto\6.2.4\spring-security-crypto-6.2.4.jar;C:\Users\DELL\.m2\repository\org\springframework\cloud\spring-cloud-commons\4.1.2\spring-cloud-commons-4.1.2.jar;C:\Users\DELL\.m2\repository\org\springframework\security\spring-security-rsa\1.1.2\spring-security-rsa-1.1.2.jar;C:\Users\DELL\.m2\repository\org\bouncycastle\bcprov-jdk18on\1.77\bcprov-jdk18on-1.77.jar;C:\Users\DELL\.m2\repository\org\springframework\cloud\spring-cloud-config-client\4.1.1\spring-cloud-config-client-4.1.1.jar;C:\Users\DELL\.m2\repository\com\fasterxml\jackson\core\jackson-annotations\2.15.4\jackson-annotations-2.15.4.jar;C:\Users\DELL\.m2\repository\org\apache\httpcomponents\client5\httpclient5\5.2.3\httpclient5-5.2.3.jar;C:\Users\DELL\.m2\repository\org\apache\httpcomponents\core5\httpcore5\5.2.4\httpcore5-5.2.4.jar;C:\Users\DELL\.m2\repository\org\apache\httpcomponents\core5\httpcore5-h2\5.2.4\httpcore5-h2-5.2.4.jar;C:\Users\DELL\.m2\repository\com\fasterxml\jackson\core\jackson-databind\2.15.4\jackson-databind-2.15.4.jar;C:\Users\DELL\.m2\repository\com\fasterxml\jackson\core\jackson-core\2.15.4\jackson-core-2.15.4.jar;C:\Users\DELL\.m2\repository\org\springframework\cloud\spring-cloud-starter-netflix-eureka-client\4.1.1\spring-cloud-starter-netflix-eureka-client-4.1.1.jar;C:\Users\DELL\.m2\repository\org\springframework\cloud\spring-cloud-netflix-eureka-client\4.1.1\spring-cloud-netflix-eureka-client-4.1.1.jar;C:\Users\DELL\.m2\repository\com\netflix\eureka\eureka-client\2.0.2\eureka-client-2.0.2.jar;C:\Users\DELL\.m2\repository\com\netflix\netflix-commons\netflix-eventbus\0.3.0\netflix-eventbus-0.3.0.jar;C:\Users\DELL\.m2\repository\com\netflix\netflix-commons\netflix-infix\0.3.0\netflix-infix-0.3.0.jar;C:\Users\DELL\.m2\repository\commons-jxpath\commons-jxpath\1.3\commons-jxpath-1.3.jar;C:\Users\DELL\.m2\repository\joda-time\joda-time\2.3\joda-time-2.3.jar;C:\Users\DELL\.m2\repository\org\antlr\antlr-runtime\3.4\antlr-runtime-3.4.jar;C:\Users\DELL\.m2\repository\org\antlr\stringtemplate\3.2.1\stringtemplate-3.2.1.jar;C:\Users\DELL\.m2\repository\antlr\antlr\2.7.7\antlr-2.7.7.jar;C:\Users\DELL\.m2\repository\com\google\code\gson\gson\2.10.1\gson-2.10.1.jar;C:\Users\DELL\.m2\repository\org\apache\commons\commons-math\2.2\commons-math-2.2.jar;C:\Users\DELL\.m2\repository\com\thoughtworks\xstream\xstream\1.4.19\xstream-1.4.19.jar;C:\Users\DELL\.m2\repository\io\github\x-stream\mxparser\1.2.2\mxparser-1.2.2.jar;C:\Users\DELL\.m2\repository\xmlpull\xmlpull\1.1.3.1\xmlpull-1.1.3.1.jar;C:\Users\DELL\.m2\repository\jakarta\ws\rs\jakarta.ws.rs-api\3.1.0\jakarta.ws.rs-api-3.1.0.jar;C:\Users\DELL\.m2\repository\com\netflix\servo\servo-core\0.12.21\servo-core-0.12.21.jar;C:\Users\DELL\.m2\repository\com\google\guava\guava\19.0\guava-19.0.jar;C:\Users\DELL\.m2\repository\org\apache\httpcomponents\httpclient\4.5.3\httpclient-4.5.3.jar;C:\Users\DELL\.m2\repository\org\apache\httpcomponents\httpcore\4.4.16\httpcore-4.4.16.jar;C:\Users\DELL\.m2\repository\commons-codec\commons-codec\1.16.1\commons-codec-1.16.1.jar;C:\Users\DELL\.m2\repository\commons-configuration\commons-configuration\1.10\commons-configuration-1.10.jar;C:\Users\DELL\.m2\repository\commons-lang\commons-lang\2.6\commons-lang-2.6.jar;C:\Users\DELL\.m2\repository\org\codehaus\jettison\jettison\1.5.4\jettison-1.5.4.jar;C:\Users\DELL\.m2\repository\com\netflix\eureka\eureka-core\2.0.2\eureka-core-2.0.2.jar;C:\Users\DELL\.m2\repository\com\fasterxml\woodstox\woodstox-core\6.2.1\woodstox-core-6.2.1.jar;C:\Users\DELL\.m2\repository\org\codehaus\woodstox\stax2-api\4.2.1\stax2-api-4.2.1.jar;C:\Users\DELL\.m2\repository\org\springframework\cloud\spring-cloud-starter-loadbalancer\4.1.2\spring-cloud-starter-loadbalancer-4.1.2.jar;C:\Users\DELL\.m2\repository\org\springframework\cloud\spring-cloud-loadbalancer\4.1.2\spring-cloud-loadbalancer-4.1.2.jar;C:\Users\DELL\.m2\repository\io\projectreactor\reactor-core\3.6.5\reactor-core-3.6.5.jar;C:\Users\DELL\.m2\repository\org\reactivestreams\reactive-streams\1.0.4\reactive-streams-1.0.4.jar;C:\Users\DELL\.m2\repository\io\projectreactor\addons\reactor-extra\3.5.1\reactor-extra-3.5.1.jar;C:\Users\DELL\.m2\repository\org\springframework\boot\spring-boot-starter-cache\3.2.5\spring-boot-starter-cache-3.2.5.jar;C:\Users\DELL\.m2\repository\org\springframework\spring-context-support\6.1.6\spring-context-support-6.1.6.jar;C:\Users\DELL\.m2\repository\com\stoyanr\evictor\1.0.0\evictor-1.0.0.jar
Launcher Type: SUN_STANDARD

[Global flags]
     intx CICompilerCount                          = 4                                         {product} {ergonomic}
     uint ConcGCThreads                            = 2                                         {product} {ergonomic}
     uint G1ConcRefinementThreads                  = 8                                         {product} {ergonomic}
   size_t G1HeapRegionSize                         = 2097152                                   {product} {ergonomic}
    uintx GCDrainStackTargetSize                   = 64                                        {product} {ergonomic}
   size_t InitialHeapSize                          = 260046848                                 {product} {ergonomic}
   size_t MarkStackSize                            = 4194304                                   {product} {ergonomic}
   size_t MaxHeapSize                              = 4133486592                                {product} {ergonomic}
   size_t MaxNewSize                               = 2478833664                                {product} {ergonomic}
   size_t MinHeapDeltaBytes                        = 2097152                                   {product} {ergonomic}
   size_t MinHeapSize                              = 8388608                                   {product} {ergonomic}
    uintx NonNMethodCodeHeapSize                   = 5839372                                {pd product} {ergonomic}
    uintx NonProfiledCodeHeapSize                  = 122909434                              {pd product} {ergonomic}
    uintx ProfiledCodeHeapSize                     = 122909434                              {pd product} {ergonomic}
    uintx ReservedCodeCacheSize                    = 251658240                              {pd product} {ergonomic}
     bool SegmentedCodeCache                       = true                                      {product} {ergonomic}
   size_t SoftMaxHeapSize                          = 4133486592                             {manageable} {ergonomic}
     bool UseCompressedOops                        = true                           {product lp64_product} {ergonomic}
     bool UseG1GC                                  = true                                      {product} {ergonomic}
     bool UseLargePagesIndividualAllocation        = false                                  {pd product} {ergonomic}

Logging:
Log output configuration:
 #0: stdout all=warning uptime,level,tags foldmultilines=false
 #1: stderr all=off uptime,level,tags foldmultilines=false

Environment Variables:
PATH=C:\Python313\Scripts\;C:\Python313\;C:\Program Files\Java\jdk-21\bin;C:\Program Files\Apache\Maven\apache-maven-3.9.10\bin;C:\Program Files\Common Files\Oracle\Java\javapath;C:\WINDOWS\system32;C:\WINDOWS;C:\WINDOWS\System32\Wbem;C:\WINDOWS\System32\WindowsPowerShell\v1.0\;C:\WINDOWS\System32\OpenSSH\;C:\Program Files\Git\cmd;C:\Program Files\nodejs\;C:\ProgramData\chocolatey\bin;C:\Users\DELL\AppData\Local\Microsoft\WindowsApps;C:\Users\DELL\AppData\Local\Programs\Microsoft VS Code\bin;C:\Users\DELL\AppData\Roaming\npm
USERNAME=DELL
OS=Windows_NT
PROCESSOR_IDENTIFIER=Intel64 Family 6 Model 140 Stepping 1, GenuineIntel
TMP=C:\Users\DELL\AppData\Local\Temp
TEMP=C:\Users\DELL\AppData\Local\Temp




Periodic native trim disabled

---------------  S Y S T E M  ---------------

OS:
 Windows 11 , 64 bit Build 26100 (10.0.26100.6725)
OS uptime: 7 days 23:22 hours
Hyper-V role detected

CPU: total 8 (initial active 8) (4 cores per cpu, 2 threads per core) family 6 model 140 stepping 1 microcode 0xbc, cx8, cmov, fxsr, ht, mmx, 3dnowpref, sse, sse2, sse3, ssse3, sse4.1, sse4.2, popcnt, lzcnt, tsc, tscinvbit, avx, avx2, aes, erms, clmul, bmi1, bmi2, adx, avx512f, avx512dq, avx512cd, avx512bw, avx512vl, sha, fma, vzeroupper, avx512_vpopcntdq, avx512_vpclmulqdq, avx512_vaes, avx512_vnni, clflush, clflushopt, clwb, avx512_vbmi2, avx512_vbmi, hv, rdtscp, rdpid, fsrm, gfni, avx512_bitalg, f16c, cet_ibt, cet_ss, avx512_ifma
Processor Information for all 8 processors :
  Max Mhz: 1498, Current Mhz: 1498, Mhz Limit: 1498

Memory: 4k page, system-wide physical 15761M (674M free)
TotalPageFile size 46161M (AvailPageFile size 1M)
current process WorkingSet (physical memory assigned to process): 115M, peak: 115M
current process commit charge ("private bytes"): 373M, peak: 374M

vm_info: Java HotSpot(TM) 64-Bit Server VM (21.0.7+8-LTS-245) for windows-amd64 JRE (21.0.7+8-LTS-245), built on 2025-02-21T05:11:27Z by "mach5one" with MS VC++ 17.6 (VS2022)

END.
