#
# There is insufficient memory for the Java Runtime Environment to continue.
# Native memory allocation (malloc) failed to allocate 1710576 bytes for Chunk::new
# Possible reasons:
#   The system is out of physical RAM or swap space
#   The process is running with CompressedOops enabled, and the Java Heap may be blocking the growth of the native heap
# Possible solutions:
#   Reduce memory load on the system
#   Increase physical memory or swap space
#   Check if swap backing store is full
#   Decrease Java heap size (-Xmx/-Xms)
#   Decrease number of Java threads
#   Decrease Java thread stack sizes (-Xss)
#   Set larger code cache with -XX:ReservedCodeCacheSize=
#   JVM is running with Zero Based Compressed Oops mode in which the Java heap is
#     placed in the first 32GB address space. The Java Heap base address is the
#     maximum limit for the native heap growth. Please use -XX:HeapBaseMinAddress
#     to set the Java Heap base and to place the Java Heap above 32GB virtual address.
# This output file may be truncated or incomplete.
#
#  Out of Memory Error (arena.cpp:168), pid=16644, tid=8904
#
# JRE version: Java(TM) SE Runtime Environment (21.0.7+8) (build 21.0.7+8-LTS-245)
# Java VM: Java HotSpot(TM) 64-Bit Server VM (21.0.7+8-LTS-245, mixed mode, sharing, tiered, compressed oops, compressed class ptrs, g1 gc, windows-amd64)
# No core dump will be written. Minidumps are not enabled by default on client versions of Windows
#

---------------  S U M M A R Y ------------

Command Line: -javaagent:C:\Program Files\JetBrains\IntelliJ IDEA Community Edition 2024.3.1.1\lib\idea_rt.jar=60752:C:\Program Files\JetBrains\IntelliJ IDEA Community Edition 2024.3.1.1\bin -Dfile.encoding=UTF-8 -Dsun.stdout.encoding=UTF-8 -Dsun.stderr.encoding=UTF-8 sn.diabete.apigateway.ApiGatewayApplication

Host: 11th Gen Intel(R) Core(TM) i5-1145G7 @ 2.60GHz, 8 cores, 15G,  Windows 11 , 64 bit Build 26100 (10.0.26100.6725)
Time: Tue Nov  4 00:28:27 2025 Greenwich elapsed time: 36545.061822 seconds (0d 10h 9m 5s)

---------------  T H R E A D  ---------------

Current thread (0x000001dbe6da9580):  JavaThread "C2 CompilerThread0" daemon [_thread_in_native, id=8904, stack(0x0000008f78400000,0x0000008f78500000) (1024K)]


Current CompileTask:
C2:36545062 14086       4       org.springframework.core.convert.support.GenericConversionService::getConverter (106 bytes)

Stack: [0x0000008f78400000,0x0000008f78500000]
Native frames: (J=compiled Java code, j=interpreted, Vv=VM code, C=native code)
V  [jvm.dll+0x6cae19]
V  [jvm.dll+0x855741]
V  [jvm.dll+0x857c6e]
V  [jvm.dll+0x858343]
V  [jvm.dll+0x27e0b6]
V  [jvm.dll+0xc4ecd]
V  [jvm.dll+0xc5403]
V  [jvm.dll+0x3b5752]
V  [jvm.dll+0x381e25]
V  [jvm.dll+0x38129a]
V  [jvm.dll+0x246b30]
V  [jvm.dll+0x24610f]
V  [jvm.dll+0x1c6efe]
V  [jvm.dll+0x255819]
V  [jvm.dll+0x253daa]
V  [jvm.dll+0x3eebb6]
V  [jvm.dll+0x7ffa1b]
V  [jvm.dll+0x6c94fd]
C  [ucrtbase.dll+0x37b0]
C  [KERNEL32.DLL+0x2e8d7]
C  [ntdll.dll+0x8c53c]


---------------  P R O C E S S  ---------------

Threads class SMR info:
_java_thread_list=0x000001dbed93ced0, length=40, elements={
0x000001dbe6d8d0b0, 0x000001dbe6d8e670, 0x000001dbe6d95fa0, 0x000001dbe6d96e70,
0x000001dbe6da2a10, 0x000001dbe6da4570, 0x000001dbe6da9580, 0x000001dbe6db4210,
0x000001dbe6d63040, 0x000001dbeb43a100, 0x000001dbeb43a760, 0x000001dbed52aff0,
0x000001dbed52a960, 0x000001dbed52a2d0, 0x000001dbee7962f0, 0x000001dbee794f40,
0x000001dbee793500, 0x000001dbee792e70, 0x000001dbee7955d0, 0x000001dbee797010,
0x000001dbee796980, 0x000001dbee793b90, 0x000001dbee7976a0, 0x000001dbee797d30,
0x000001dbee795c60, 0x000001dbee7948b0, 0x000001dbee799e00, 0x000001dbee7983c0,
0x000001dbee798a50, 0x000001dbee7990e0, 0x000001dbee799770, 0x000001dbee79a490,
0x000001dbed52bd10, 0x000001dbed528890, 0x000001dbed529c40, 0x000001dbed2e3a20,
0x000001dbed2e1fe0, 0x000001dbed2e2670, 0x000001dbed2e40b0, 0x000001dbed2e4740
}

Java Threads: ( => current thread )
  0x000001dbe6d8d0b0 JavaThread "Reference Handler"          daemon [_thread_blocked, id=17360, stack(0x0000008f77e00000,0x0000008f77f00000) (1024K)]
  0x000001dbe6d8e670 JavaThread "Finalizer"                  daemon [_thread_blocked, id=6632, stack(0x0000008f77f00000,0x0000008f78000000) (1024K)]
  0x000001dbe6d95fa0 JavaThread "Signal Dispatcher"          daemon [_thread_blocked, id=16504, stack(0x0000008f78000000,0x0000008f78100000) (1024K)]
  0x000001dbe6d96e70 JavaThread "Attach Listener"            daemon [_thread_blocked, id=18348, stack(0x0000008f78100000,0x0000008f78200000) (1024K)]
  0x000001dbe6da2a10 JavaThread "Service Thread"             daemon [_thread_blocked, id=9800, stack(0x0000008f78200000,0x0000008f78300000) (1024K)]
  0x000001dbe6da4570 JavaThread "Monitor Deflation Thread"   daemon [_thread_blocked, id=12460, stack(0x0000008f78300000,0x0000008f78400000) (1024K)]
=>0x000001dbe6da9580 JavaThread "C2 CompilerThread0"         daemon [_thread_in_native, id=8904, stack(0x0000008f78400000,0x0000008f78500000) (1024K)]
  0x000001dbe6db4210 JavaThread "C1 CompilerThread0"         daemon [_thread_blocked, id=19000, stack(0x0000008f78500000,0x0000008f78600000) (1024K)]
  0x000001dbe6d63040 JavaThread "Common-Cleaner"             daemon [_thread_blocked, id=3712, stack(0x0000008f78600000,0x0000008f78700000) (1024K)]
  0x000001dbeb43a100 JavaThread "Monitor Ctrl-Break"         daemon [_thread_in_native, id=17604, stack(0x0000008f78800000,0x0000008f78900000) (1024K)]
  0x000001dbeb43a760 JavaThread "Notification Thread"        daemon [_thread_blocked, id=10000, stack(0x0000008f78900000,0x0000008f78a00000) (1024K)]
  0x000001dbed52aff0 JavaThread "boundedElastic-evictor-1"   daemon [_thread_blocked, id=4684, stack(0x0000008f78700000,0x0000008f78800000) (1024K)]
  0x000001dbed52a960 JavaThread "spectator-gauge-polling-0"  daemon [_thread_blocked, id=17324, stack(0x0000008f79a00000,0x0000008f79b00000) (1024K)]
  0x000001dbed52a2d0 JavaThread "AsyncResolver-bootstrap-%d" daemon [_thread_blocked, id=3084, stack(0x0000008f79b00000,0x0000008f79c00000) (1024K)]
  0x000001dbee7962f0 JavaThread "DiscoveryClient-%d"         daemon [_thread_blocked, id=6316, stack(0x0000008f79c00000,0x0000008f79d00000) (1024K)]
  0x000001dbee794f40 JavaThread "DiscoveryClient-%d"         daemon [_thread_blocked, id=4392, stack(0x0000008f79d00000,0x0000008f79e00000) (1024K)]
  0x000001dbee793500 JavaThread "DiscoveryClient-InstanceInfoReplicator-%d" daemon [_thread_blocked, id=17724, stack(0x0000008f79e00000,0x0000008f79f00000) (1024K)]
  0x000001dbee792e70 JavaThread "reactor-http-nio-1"         daemon [_thread_in_native, id=9088, stack(0x0000008f79500000,0x0000008f79600000) (1024K)]
  0x000001dbee7955d0 JavaThread "server"                            [_thread_blocked, id=11328, stack(0x0000008f79f00000,0x0000008f7a000000) (1024K)]
  0x000001dbee797010 JavaThread "DestroyJavaVM"                     [_thread_blocked, id=18456, stack(0x0000008f77600000,0x0000008f77700000) (1024K)]
  0x000001dbee796980 JavaThread "DiscoveryClient-HeartbeatExecutor-%d" daemon [_thread_blocked, id=19256, stack(0x0000008f7a100000,0x0000008f7a200000) (1024K)]
  0x000001dbee793b90 JavaThread "DiscoveryClient-CacheRefreshExecutor-%d" daemon [_thread_blocked, id=8724, stack(0x0000008f7a200000,0x0000008f7a300000) (1024K)]
  0x000001dbee7976a0 JavaThread "reactor-http-nio-2"         daemon [_thread_in_native, id=22820, stack(0x0000008f77300000,0x0000008f77400000) (1024K)]
  0x000001dbee797d30 JavaThread "parallel-1"                 daemon [_thread_blocked, id=22828, stack(0x0000008f77500000,0x0000008f77600000) (1024K)]
  0x000001dbee795c60 JavaThread "pool-5-thread-1"            daemon [_thread_blocked, id=22832, stack(0x0000008f79100000,0x0000008f79200000) (1024K)]
  0x000001dbee7948b0 JavaThread "reactor-http-nio-3"         daemon [_thread_in_native, id=22840, stack(0x0000008f79300000,0x0000008f79400000) (1024K)]
  0x000001dbee799e00 JavaThread "reactor-http-nio-4"         daemon [_thread_in_native, id=22844, stack(0x0000008f79700000,0x0000008f79800000) (1024K)]
  0x000001dbee7983c0 JavaThread "reactor-http-nio-5"         daemon [_thread_in_native, id=22848, stack(0x0000008f79800000,0x0000008f79900000) (1024K)]
  0x000001dbee798a50 JavaThread "reactor-http-nio-6"         daemon [_thread_in_native, id=22852, stack(0x0000008f79900000,0x0000008f79a00000) (1024K)]
  0x000001dbee7990e0 JavaThread "reactor-http-nio-7"         daemon [_thread_in_native, id=22856, stack(0x0000008f7a000000,0x0000008f7a100000) (1024K)]
  0x000001dbee799770 JavaThread "reactor-http-nio-8"         daemon [_thread_in_native, id=22860, stack(0x0000008f7a300000,0x0000008f7a400000) (1024K)]
  0x000001dbee79a490 JavaThread "Jndi-Dns-address-change-listener" daemon [_thread_in_native, id=22864, stack(0x0000008f79200000,0x0000008f79300000) (1024K)]
  0x000001dbed52bd10 JavaThread "parallel-2"                 daemon [_thread_blocked, id=23184, stack(0x0000008f7a700000,0x0000008f7a800000) (1024K)]
  0x000001dbed528890 JavaThread "AsyncResolver-bootstrap-executor-%d" daemon [_thread_blocked, id=23196, stack(0x0000008f7a800000,0x0000008f7a900000) (1024K)]
  0x000001dbed529c40 JavaThread "parallel-3"                 daemon [_thread_blocked, id=19624, stack(0x0000008f7aa00000,0x0000008f7ab00000) (1024K)]
  0x000001dbed2e3a20 JavaThread "parallel-4"                 daemon [_thread_blocked, id=8988, stack(0x0000008f7a400000,0x0000008f7a500000) (1024K)]
  0x000001dbed2e1fe0 JavaThread "parallel-5"                 daemon [_thread_blocked, id=20844, stack(0x0000008f7a600000,0x0000008f7a700000) (1024K)]
  0x000001dbed2e2670 JavaThread "parallel-6"                 daemon [_thread_blocked, id=11628, stack(0x0000008f7ab00000,0x0000008f7ac00000) (1024K)]
  0x000001dbed2e40b0 JavaThread "parallel-7"                 daemon [_thread_blocked, id=7320, stack(0x0000008f7a900000,0x0000008f7aa00000) (1024K)]
  0x000001dbed2e4740 JavaThread "parallel-8"                 daemon [_thread_blocked, id=6040, stack(0x0000008f7ac00000,0x0000008f7ad00000) (1024K)]
Total: 40

Other Threads:
  0x000001dbe6d75240 VMThread "VM Thread"                           [id=19328, stack(0x0000008f77d00000,0x0000008f77e00000) (1024K)]
  0x000001dbe6d627b0 WatcherThread "VM Periodic Task Thread"        [id=10516, stack(0x0000008f77c00000,0x0000008f77d00000) (1024K)]
  0x000001dbc7edbd60 WorkerThread "GC Thread#0"                     [id=4988, stack(0x0000008f77700000,0x0000008f77800000) (1024K)]
  0x000001dbebc587a0 WorkerThread "GC Thread#1"                     [id=4324, stack(0x0000008f78a00000,0x0000008f78b00000) (1024K)]
  0x000001dbebc58b40 WorkerThread "GC Thread#2"                     [id=7900, stack(0x0000008f78b00000,0x0000008f78c00000) (1024K)]
  0x000001dbebdc8750 WorkerThread "GC Thread#3"                     [id=18960, stack(0x0000008f78c00000,0x0000008f78d00000) (1024K)]
  0x000001dbebb879c0 WorkerThread "GC Thread#4"                     [id=18820, stack(0x0000008f78d00000,0x0000008f78e00000) (1024K)]
  0x000001dbec3a47e0 WorkerThread "GC Thread#5"                     [id=18276, stack(0x0000008f78f00000,0x0000008f79000000) (1024K)]
  0x000001dbec36d020 WorkerThread "GC Thread#6"                     [id=6968, stack(0x0000008f79000000,0x0000008f79100000) (1024K)]
  0x000001dbecc44050 WorkerThread "GC Thread#7"                     [id=7912, stack(0x0000008f79400000,0x0000008f79500000) (1024K)]
  0x000001dbc7eeda20 ConcurrentGCThread "G1 Main Marker"            [id=5876, stack(0x0000008f77800000,0x0000008f77900000) (1024K)]
  0x000001dbc7eee520 WorkerThread "G1 Conc#0"                       [id=5840, stack(0x0000008f77900000,0x0000008f77a00000) (1024K)]
  0x000001dbecc43570 WorkerThread "G1 Conc#1"                       [id=13116, stack(0x0000008f79600000,0x0000008f79700000) (1024K)]
  0x000001dbe6c33a00 ConcurrentGCThread "G1 Refine#0"               [id=5156, stack(0x0000008f77a00000,0x0000008f77b00000) (1024K)]
  0x000001dbe6c34220 ConcurrentGCThread "G1 Service"                [id=18440, stack(0x0000008f77b00000,0x0000008f77c00000) (1024K)]
Total: 15

Threads with active compile tasks:
C2 CompilerThread0  36545130 14086       4       org.springframework.core.convert.support.GenericConversionService::getConverter (106 bytes)
Total: 1

VM state: not at safepoint (normal execution)

VM Mutex/Monitor currently owned by a thread: None

Heap address: 0x0000000709a00000, size: 3942 MB, Compressed Oops mode: Zero based, Oop shift amount: 3

CDS archive(s) mapped at: [0x000001db80000000-0x000001db80c90000-0x000001db80c90000), size 13172736, SharedBaseAddress: 0x000001db80000000, ArchiveRelocationMode: 1.
Compressed class space mapped at: 0x000001db81000000-0x000001dbc1000000, reserved size: 1073741824
Narrow klass base: 0x000001db80000000, Narrow klass shift: 0, Narrow klass range: 0x100000000

GC Precious Log:
 CardTable entry size: 512
 Card Set container configuration: InlinePtr #cards 4 size 8 Array Of Cards #cards 16 size 48 Howl #buckets 8 coarsen threshold 3686 Howl Bitmap #cards 512 size 80 coarsen threshold 460 Card regions per heap region 1 cards per card region 4096
 CPUs: 8 total, 8 available
 Memory: 15761M
 Large Page Support: Disabled
 NUMA Support: Disabled
 Compressed Oops: Enabled (Zero based)
 Heap Region Size: 2M
 Heap Min Capacity: 8M
 Heap Initial Capacity: 248M
 Heap Max Capacity: 3942M
 Pre-touch: Disabled
 Parallel Workers: 8
 Concurrent Workers: 2
 Concurrent Refinement Workers: 8
 Periodic GC: Disabled

Heap:
 garbage-first heap   total 90112K, used 56291K [0x0000000709a00000, 0x0000000800000000)
  region size 2048K, 14 young (28672K), 1 survivors (2048K)
 Metaspace       used 61318K, committed 62272K, reserved 1114112K
  class space    used 7582K, committed 8128K, reserved 1048576K

Heap Regions: E=young(eden), S=young(survivor), O=old, HS=humongous(starts), HC=humongous(continues), CS=collection set, F=free, TAMS=top-at-mark-start, PB=parsable bottom
|   0|0x0000000709a00000, 0x0000000709c00000, 0x0000000709c00000|100%| O|  |TAMS 0x0000000709a00000| PB 0x0000000709a00000| Untracked 
|   1|0x0000000709c00000, 0x0000000709e00000, 0x0000000709e00000|100%| O|  |TAMS 0x0000000709c00000| PB 0x0000000709c00000| Untracked 
|   2|0x0000000709e00000, 0x000000070a000000, 0x000000070a000000|100%| O|  |TAMS 0x0000000709e00000| PB 0x0000000709e00000| Untracked 
|   3|0x000000070a000000, 0x000000070a200000, 0x000000070a200000|100%| O|  |TAMS 0x000000070a000000| PB 0x000000070a000000| Untracked 
|   4|0x000000070a200000, 0x000000070a400000, 0x000000070a400000|100%| O|  |TAMS 0x000000070a200000| PB 0x000000070a200000| Untracked 
|   5|0x000000070a400000, 0x000000070a600000, 0x000000070a600000|100%| O|  |TAMS 0x000000070a400000| PB 0x000000070a400000| Untracked 
|   6|0x000000070a600000, 0x000000070a800000, 0x000000070a800000|100%| O|Cm|TAMS 0x000000070a600000| PB 0x000000070a600000| Complete 
|   7|0x000000070a800000, 0x000000070aa00000, 0x000000070aa00000|100%| O|  |TAMS 0x000000070a800000| PB 0x000000070a800000| Untracked 
|   8|0x000000070aa00000, 0x000000070ac00000, 0x000000070ac00000|100%| O|  |TAMS 0x000000070aa00000| PB 0x000000070aa00000| Untracked 
|   9|0x000000070ac00000, 0x000000070ae00000, 0x000000070ae00000|100%| O|  |TAMS 0x000000070ac00000| PB 0x000000070ac00000| Untracked 
|  10|0x000000070ae00000, 0x000000070b000000, 0x000000070b000000|100%| O|  |TAMS 0x000000070ae00000| PB 0x000000070ae00000| Untracked 
|  11|0x000000070b000000, 0x000000070b029d30, 0x000000070b200000|  8%| O|  |TAMS 0x000000070b000000| PB 0x000000070b000000| Untracked 
|  12|0x000000070b200000, 0x000000070b400000, 0x000000070b400000|100%| O|  |TAMS 0x000000070b200000| PB 0x000000070b200000| Untracked 
|  13|0x000000070b400000, 0x000000070b600000, 0x000000070b600000|100%| O|  |TAMS 0x000000070b400000| PB 0x000000070b400000| Untracked 
|  14|0x000000070b600000, 0x000000070b800000, 0x000000070b800000|100%| O|  |TAMS 0x000000070b600000| PB 0x000000070b600000| Untracked 
|  15|0x000000070b800000, 0x000000070b800000, 0x000000070ba00000|  0%| F|  |TAMS 0x000000070b800000| PB 0x000000070b800000| Untracked 
|  16|0x000000070ba00000, 0x000000070ba00000, 0x000000070bc00000|  0%| F|  |TAMS 0x000000070ba00000| PB 0x000000070ba00000| Untracked 
|  17|0x000000070bc00000, 0x000000070bccf240, 0x000000070be00000| 40%| S|CS|TAMS 0x000000070bc00000| PB 0x000000070bc00000| Complete 
|  18|0x000000070be00000, 0x000000070be00000, 0x000000070c000000|  0%| F|  |TAMS 0x000000070be00000| PB 0x000000070be00000| Untracked 
|  19|0x000000070c000000, 0x000000070c200000, 0x000000070c200000|100%| O|  |TAMS 0x000000070c000000| PB 0x000000070c000000| Untracked 
|  20|0x000000070c200000, 0x000000070c200000, 0x000000070c400000|  0%| F|  |TAMS 0x000000070c200000| PB 0x000000070c200000| Untracked 
|  21|0x000000070c400000, 0x000000070c400000, 0x000000070c600000|  0%| F|  |TAMS 0x000000070c400000| PB 0x000000070c400000| Untracked 
|  22|0x000000070c600000, 0x000000070c600000, 0x000000070c800000|  0%| F|  |TAMS 0x000000070c600000| PB 0x000000070c600000| Untracked 
|  23|0x000000070c800000, 0x000000070c800000, 0x000000070ca00000|  0%| F|  |TAMS 0x000000070c800000| PB 0x000000070c800000| Untracked 
|  24|0x000000070ca00000, 0x000000070ca00000, 0x000000070cc00000|  0%| F|  |TAMS 0x000000070ca00000| PB 0x000000070ca00000| Untracked 
|  25|0x000000070cc00000, 0x000000070cc00000, 0x000000070ce00000|  0%| F|  |TAMS 0x000000070cc00000| PB 0x000000070cc00000| Untracked 
|  26|0x000000070ce00000, 0x000000070ce00000, 0x000000070d000000|  0%| F|  |TAMS 0x000000070ce00000| PB 0x000000070ce00000| Untracked 
|  27|0x000000070d000000, 0x000000070d000000, 0x000000070d200000|  0%| F|  |TAMS 0x000000070d000000| PB 0x000000070d000000| Untracked 
|  28|0x000000070d200000, 0x000000070d200000, 0x000000070d400000|  0%| F|  |TAMS 0x000000070d200000| PB 0x000000070d200000| Untracked 
|  29|0x000000070d400000, 0x000000070d400000, 0x000000070d600000|  0%| F|  |TAMS 0x000000070d400000| PB 0x000000070d400000| Untracked 
|  30|0x000000070d600000, 0x000000070d600000, 0x000000070d800000|  0%| F|  |TAMS 0x000000070d600000| PB 0x000000070d600000| Untracked 
|  31|0x000000070d800000, 0x000000070d8eb1d8, 0x000000070da00000| 45%| E|  |TAMS 0x000000070d800000| PB 0x000000070d800000| Complete 
|  32|0x000000070da00000, 0x000000070dc00000, 0x000000070dc00000|100%| E|CS|TAMS 0x000000070da00000| PB 0x000000070da00000| Complete 
|  33|0x000000070dc00000, 0x000000070de00000, 0x000000070de00000|100%| E|CS|TAMS 0x000000070dc00000| PB 0x000000070dc00000| Complete 
|  34|0x000000070de00000, 0x000000070e000000, 0x000000070e000000|100%| E|CS|TAMS 0x000000070de00000| PB 0x000000070de00000| Complete 
|  35|0x000000070e000000, 0x000000070e200000, 0x000000070e200000|100%| E|CS|TAMS 0x000000070e000000| PB 0x000000070e000000| Complete 
|  36|0x000000070e200000, 0x000000070e400000, 0x000000070e400000|100%| E|CS|TAMS 0x000000070e200000| PB 0x000000070e200000| Complete 
|  37|0x000000070e400000, 0x000000070e600000, 0x000000070e600000|100%| E|CS|TAMS 0x000000070e400000| PB 0x000000070e400000| Complete 
|  38|0x000000070e600000, 0x000000070e800000, 0x000000070e800000|100%| E|CS|TAMS 0x000000070e600000| PB 0x000000070e600000| Complete 
|  39|0x000000070e800000, 0x000000070ea00000, 0x000000070ea00000|100%| E|CS|TAMS 0x000000070e800000| PB 0x000000070e800000| Complete 
|  40|0x000000070ea00000, 0x000000070ec00000, 0x000000070ec00000|100%| E|CS|TAMS 0x000000070ea00000| PB 0x000000070ea00000| Complete 
|  41|0x000000070ec00000, 0x000000070ee00000, 0x000000070ee00000|100%| E|CS|TAMS 0x000000070ec00000| PB 0x000000070ec00000| Complete 
|  42|0x000000070ee00000, 0x000000070f000000, 0x000000070f000000|100%| E|CS|TAMS 0x000000070ee00000| PB 0x000000070ee00000| Complete 
| 123|0x0000000719000000, 0x0000000719200000, 0x0000000719200000|100%| E|CS|TAMS 0x0000000719000000| PB 0x0000000719000000| Complete 

Card table byte_map: [0x000001dbdfdf0000,0x000001dbe05b0000] _byte_map_base: 0x000001dbdc5a3000

Marking Bits: (CMBitMap*) 0x000001dbc7edc460
 Bits: [0x000001dbe05b0000, 0x000001dbe4348000)

Polling page: 0x000001dbc5da0000

Metaspace:

Usage:
  Non-class:     52.48 MB used.
      Class:      7.40 MB used.
       Both:     59.88 MB used.

Virtual space:
  Non-class space:       64.00 MB reserved,      52.88 MB ( 83%) committed,  1 nodes.
      Class space:        1.00 GB reserved,       7.94 MB ( <1%) committed,  1 nodes.
             Both:        1.06 GB reserved,      60.81 MB (  6%) committed. 

Chunk freelists:
   Non-Class:  11.03 MB
       Class:  8.15 MB
        Both:  19.18 MB

MaxMetaspaceSize: unlimited
CompressedClassSpaceSize: 1.00 GB
Initial GC threshold: 21.00 MB
Current GC threshold: 101.06 MB
CDS: on
 - commit_granule_bytes: 65536.
 - commit_granule_words: 8192.
 - virtual_space_node_default_size: 8388608.
 - enlarge_chunks_in_place: 1.
 - use_allocation_guard: 0.


Internal statistics:

num_allocs_failed_limit: 9.
num_arena_births: 1348.
num_arena_deaths: 550.
num_vsnodes_births: 2.
num_vsnodes_deaths: 0.
num_space_committed: 973.
num_space_uncommitted: 0.
num_chunks_returned_to_freelist: 617.
num_chunks_taken_from_freelist: 3821.
num_chunk_merges: 145.
num_chunk_splits: 2441.
num_chunks_enlarged: 1798.
num_inconsistent_stats: 0.

CodeHeap 'non-profiled nmethods': size=120000Kb used=6764Kb max_used=8527Kb free=113235Kb
 bounds [0x000001dbd7dd0000, 0x000001dbd8630000, 0x000001dbdf300000]
CodeHeap 'profiled nmethods': size=120000Kb used=8948Kb max_used=23157Kb free=111051Kb
 bounds [0x000001dbd0300000, 0x000001dbd19a0000, 0x000001dbd7830000]
CodeHeap 'non-nmethods': size=5760Kb used=1848Kb max_used=1911Kb free=3911Kb
 bounds [0x000001dbd7830000, 0x000001dbd7aa0000, 0x000001dbd7dd0000]
 total_blobs=5612 nmethods=4923 adapters=592
 compilation: enabled
              stopped_count=0, restarted_count=0
 full_count=0

Compilation events (20 events):
Event: 36453.587 Thread 0x000001dbe6db4fb0 nmethod 14082 0x000001dbd7e8e210 code [0x000001dbd7e8e3a0, 0x000001dbd7e8e448]
Event: 36453.587 Thread 0x000001dbe6db4fb0 14042       4       org.springframework.core.annotation.AnnotationFilter::matches (13 bytes)
Event: 36453.587 Thread 0x000001dbe6db4210 nmethod 14079 0x000001dbd067f690 code [0x000001dbd067f860, 0x000001dbd067fc10]
Event: 36453.587 Thread 0x000001dbe6db4210 14080       2       org.springframework.util.ConcurrentReferenceHashMap$Entry::<init> (15 bytes)
Event: 36453.588 Thread 0x000001dbe6db4210 nmethod 14080 0x000001dbd0609910 code [0x000001dbd0609ac0, 0x000001dbd0609c98]
Event: 36453.588 Thread 0x000001dbe6db4210 14065       3       org.springframework.util.Assert::isInstanceOf (21 bytes)
Event: 36453.589 Thread 0x000001dbe6db4210 nmethod 14065 0x000001dbd05a5e10 code [0x000001dbd05a5fe0, 0x000001dbd05a62e0]
Event: 36453.589 Thread 0x000001dbe6db4210 14069       3       org.springframework.util.Assert::isInstanceOf (8 bytes)
Event: 36453.589 Thread 0x000001dbe6db4210 nmethod 14069 0x000001dbd09c8990 code [0x000001dbd09c8b80, 0x000001dbd09c8ef0]
Event: 36453.589 Thread 0x000001dbe6db4210 14067       2       org.springframework.util.ConcurrentReferenceHashMap$1::<init> (23 bytes)
Event: 36453.590 Thread 0x000001dbe6db4210 nmethod 14067 0x000001dbd0694090 code [0x000001dbd0694260, 0x000001dbd0694588]
Event: 36453.613 Thread 0x000001dbe6da9580 nmethod 14047 0x000001dbd7ee3610 code [0x000001dbd7ee3840, 0x000001dbd7ee42a0]
Event: 36453.618 Thread 0x000001dbe6db4fb0 nmethod 14042 0x000001dbd7f03490 code [0x000001dbd7f03660, 0x000001dbd7f03cc0]
Event: 36483.580 Thread 0x000001dbe6da9580 14083       4       org.apache.hc.core5.net.PercentCodec::encode (147 bytes)
Event: 36483.684 Thread 0x000001dbe6da9580 nmethod 14083 0x000001dbd83a3990 code [0x000001dbd83a3ca0, 0x000001dbd83a5928]
Event: 36513.654 Thread 0x000001dbe6da9580 14084       4       org.springframework.util.ClassUtils::resolvePrimitiveIfNecessary (37 bytes)
Event: 36513.660 Thread 0x000001dbe6da9580 nmethod 14084 0x000001dbd7fa9290 code [0x000001dbd7fa9440, 0x000001dbd7fa96c8]
Event: 36543.641 Thread 0x000001dbe6da9580 14085       4       java.lang.Long::parseLong (7 bytes)
Event: 36543.664 Thread 0x000001dbe6da9580 nmethod 14085 0x000001dbd82b5d90 code [0x000001dbd82b5f60, 0x000001dbd82b64b0]
Event: 36543.703 Thread 0x000001dbe6da9580 14086       4       org.springframework.core.convert.support.GenericConversionService::getConverter (106 bytes)

GC Heap History (20 events):
Event: 21025.081 GC heap before
{Heap before GC invocations=25 (full 0):
 garbage-first heap   total 90112K, used 79862K [0x0000000709a00000, 0x0000000800000000)
  region size 2048K, 24 young (49152K), 1 survivors (2048K)
 Metaspace       used 60971K, committed 62080K, reserved 1114112K
  class space    used 7579K, committed 8128K, reserved 1048576K
}
Event: 21025.177 GC heap after
{Heap after GC invocations=26 (full 0):
 garbage-first heap   total 90112K, used 32644K [0x0000000709a00000, 0x0000000800000000)
  region size 2048K, 1 young (2048K), 1 survivors (2048K)
 Metaspace       used 60971K, committed 62080K, reserved 1114112K
  class space    used 7579K, committed 8128K, reserved 1048576K
}
Event: 21957.061 GC heap before
{Heap before GC invocations=27 (full 0):
 garbage-first heap   total 90112K, used 79748K [0x0000000709a00000, 0x0000000800000000)
  region size 2048K, 24 young (49152K), 1 survivors (2048K)
 Metaspace       used 61019K, committed 62080K, reserved 1114112K
  class space    used 7586K, committed 8128K, reserved 1048576K
}
Event: 21957.072 GC heap after
{Heap after GC invocations=28 (full 0):
 garbage-first heap   total 90112K, used 32799K [0x0000000709a00000, 0x0000000800000000)
  region size 2048K, 1 young (2048K), 1 survivors (2048K)
 Metaspace       used 61019K, committed 62080K, reserved 1114112K
  class space    used 7586K, committed 8128K, reserved 1048576K
}
Event: 22894.285 GC heap before
{Heap before GC invocations=28 (full 0):
 garbage-first heap   total 90112K, used 79903K [0x0000000709a00000, 0x0000000800000000)
  region size 2048K, 24 young (49152K), 1 survivors (2048K)
 Metaspace       used 61038K, committed 62080K, reserved 1114112K
  class space    used 7586K, committed 8128K, reserved 1048576K
}
Event: 22894.419 GC heap after
{Heap after GC invocations=29 (full 0):
 garbage-first heap   total 90112K, used 32105K [0x0000000709a00000, 0x0000000800000000)
  region size 2048K, 1 young (2048K), 1 survivors (2048K)
 Metaspace       used 61038K, committed 62080K, reserved 1114112K
  class space    used 7586K, committed 8128K, reserved 1048576K
}
Event: 23880.331 GC heap before
{Heap before GC invocations=29 (full 0):
 garbage-first heap   total 90112K, used 81257K [0x0000000709a00000, 0x0000000800000000)
  region size 2048K, 25 young (51200K), 1 survivors (2048K)
 Metaspace       used 61079K, committed 62080K, reserved 1114112K
  class space    used 7586K, committed 8128K, reserved 1048576K
}
Event: 23880.389 GC heap after
{Heap after GC invocations=30 (full 0):
 garbage-first heap   total 90112K, used 32127K [0x0000000709a00000, 0x0000000800000000)
  region size 2048K, 1 young (2048K), 1 survivors (2048K)
 Metaspace       used 61079K, committed 62080K, reserved 1114112K
  class space    used 7586K, committed 8128K, reserved 1048576K
}
Event: 24872.030 GC heap before
{Heap before GC invocations=31 (full 0):
 garbage-first heap   total 90112K, used 81279K [0x0000000709a00000, 0x0000000800000000)
  region size 2048K, 25 young (51200K), 1 survivors (2048K)
 Metaspace       used 61105K, committed 62080K, reserved 1114112K
  class space    used 7581K, committed 8128K, reserved 1048576K
}
Event: 24872.096 GC heap after
{Heap after GC invocations=32 (full 0):
 garbage-first heap   total 90112K, used 32111K [0x0000000709a00000, 0x0000000800000000)
  region size 2048K, 1 young (2048K), 1 survivors (2048K)
 Metaspace       used 61105K, committed 62080K, reserved 1114112K
  class space    used 7581K, committed 8128K, reserved 1048576K
}
Event: 25863.979 GC heap before
{Heap before GC invocations=32 (full 0):
 garbage-first heap   total 90112K, used 81263K [0x0000000709a00000, 0x0000000800000000)
  region size 2048K, 25 young (51200K), 1 survivors (2048K)
 Metaspace       used 61114K, committed 62080K, reserved 1114112K
  class space    used 7583K, committed 8128K, reserved 1048576K
}
Event: 25864.066 GC heap after
{Heap after GC invocations=33 (full 0):
 garbage-first heap   total 90112K, used 31617K [0x0000000709a00000, 0x0000000800000000)
  region size 2048K, 1 young (2048K), 1 survivors (2048K)
 Metaspace       used 61114K, committed 62080K, reserved 1114112K
  class space    used 7583K, committed 8128K, reserved 1048576K
}
Event: 26826.115 GC heap before
{Heap before GC invocations=33 (full 0):
 garbage-first heap   total 90112K, used 80769K [0x0000000709a00000, 0x0000000800000000)
  region size 2048K, 25 young (51200K), 1 survivors (2048K)
 Metaspace       used 61134K, committed 62080K, reserved 1114112K
  class space    used 7583K, committed 8128K, reserved 1048576K
}
Event: 26826.179 GC heap after
{Heap after GC invocations=34 (full 0):
 garbage-first heap   total 90112K, used 31865K [0x0000000709a00000, 0x0000000800000000)
  region size 2048K, 1 young (2048K), 1 survivors (2048K)
 Metaspace       used 61134K, committed 62080K, reserved 1114112K
  class space    used 7583K, committed 8128K, reserved 1048576K
}
Event: 27757.882 GC heap before
{Heap before GC invocations=35 (full 0):
 garbage-first heap   total 90112K, used 78969K [0x0000000709a00000, 0x0000000800000000)
  region size 2048K, 24 young (49152K), 1 survivors (2048K)
 Metaspace       used 61146K, committed 62080K, reserved 1114112K
  class space    used 7583K, committed 8128K, reserved 1048576K
}
Event: 27757.923 GC heap after
{Heap after GC invocations=36 (full 0):
 garbage-first heap   total 90112K, used 31912K [0x0000000709a00000, 0x0000000800000000)
  region size 2048K, 1 young (2048K), 1 survivors (2048K)
 Metaspace       used 61146K, committed 62080K, reserved 1114112K
  class space    used 7583K, committed 8128K, reserved 1048576K
}
Event: 29031.394 GC heap before
{Heap before GC invocations=36 (full 0):
 garbage-first heap   total 90112K, used 79016K [0x0000000709a00000, 0x0000000800000000)
  region size 2048K, 24 young (49152K), 1 survivors (2048K)
 Metaspace       used 61252K, committed 62208K, reserved 1114112K
  class space    used 7583K, committed 8128K, reserved 1048576K
}
Event: 29031.439 GC heap after
{Heap after GC invocations=37 (full 0):
 garbage-first heap   total 90112K, used 31510K [0x0000000709a00000, 0x0000000800000000)
  region size 2048K, 1 young (2048K), 1 survivors (2048K)
 Metaspace       used 61252K, committed 62208K, reserved 1114112K
  class space    used 7583K, committed 8128K, reserved 1048576K
}
Event: 33553.623 GC heap before
{Heap before GC invocations=37 (full 0):
 garbage-first heap   total 90112K, used 80662K [0x0000000709a00000, 0x0000000800000000)
  region size 2048K, 25 young (51200K), 1 survivors (2048K)
 Metaspace       used 61272K, committed 62208K, reserved 1114112K
  class space    used 7583K, committed 8128K, reserved 1048576K
}
Event: 33553.656 GC heap after
{Heap after GC invocations=38 (full 0):
 garbage-first heap   total 90112K, used 31715K [0x0000000709a00000, 0x0000000800000000)
  region size 2048K, 1 young (2048K), 1 survivors (2048K)
 Metaspace       used 61272K, committed 62208K, reserved 1114112K
  class space    used 7583K, committed 8128K, reserved 1048576K
}

Dll operation events (14 events):
Event: 0.012 Loaded shared library C:\Program Files\Java\jdk-21\bin\java.dll
Event: 0.059 Loaded shared library C:\Program Files\Java\jdk-21\bin\jsvml.dll
Event: 0.227 Loaded shared library C:\Program Files\Java\jdk-21\bin\zip.dll
Event: 0.233 Loaded shared library C:\Program Files\Java\jdk-21\bin\instrument.dll
Event: 0.241 Loaded shared library C:\Program Files\Java\jdk-21\bin\net.dll
Event: 0.244 Loaded shared library C:\Program Files\Java\jdk-21\bin\nio.dll
Event: 0.251 Loaded shared library C:\Program Files\Java\jdk-21\bin\zip.dll
Event: 0.465 Loaded shared library C:\Program Files\JetBrains\IntelliJ IDEA Community Edition 2024.3.1.1\bin\breakgen64.dll
Event: 0.477 Loaded shared library C:\Program Files\Java\jdk-21\bin\extnet.dll
Event: 0.535 Loaded shared library C:\Program Files\Java\jdk-21\bin\jimage.dll
Event: 3.928 Loaded shared library C:\Program Files\Java\jdk-21\bin\verify.dll
Event: 11.973 Loaded shared library C:\Program Files\Java\jdk-21\bin\management.dll
Event: 11.976 Loaded shared library C:\Program Files\Java\jdk-21\bin\management_ext.dll
Event: 13.337 Loaded shared library C:\Program Files\Java\jdk-21\bin\sunmscapi.dll

Deoptimization events (20 events):
Event: 33580.568 Thread 0x000001dbee793b90 Uncommon trap: trap_request=0xffffffde fr.pc=0x000001dbd83b280c relative=0x0000000000001ccc
Event: 33580.568 Thread 0x000001dbee793b90 Uncommon trap: reason=class_check action=maybe_recompile pc=0x000001dbd83b280c method=org.springframework.core.SerializableTypeWrapper$TypeProxyInvocationHandler.invoke(Ljava/lang/Object;Ljava/lang/reflect/Method;[Ljava/lang/Object;)Ljava/lang/Object; @ 1
Event: 33580.568 Thread 0x000001dbee793b90 DEOPT PACKING pc=0x000001dbd83b280c sp=0x0000008f7a2fc6e0
Event: 33580.568 Thread 0x000001dbee793b90 DEOPT UNPACKING pc=0x000001dbd7887da2 sp=0x0000008f7a2fc6c0 mode 2
Event: 33580.568 Thread 0x000001dbee793b90 Uncommon trap: trap_request=0xffffffde fr.pc=0x000001dbd83b280c relative=0x0000000000001ccc
Event: 33580.568 Thread 0x000001dbee793b90 Uncommon trap: reason=class_check action=maybe_recompile pc=0x000001dbd83b280c method=org.springframework.core.SerializableTypeWrapper$TypeProxyInvocationHandler.invoke(Ljava/lang/Object;Ljava/lang/reflect/Method;[Ljava/lang/Object;)Ljava/lang/Object; @ 1
Event: 33580.568 Thread 0x000001dbee793b90 DEOPT PACKING pc=0x000001dbd83b280c sp=0x0000008f7a2fc5a0
Event: 33580.568 Thread 0x000001dbee793b90 DEOPT UNPACKING pc=0x000001dbd7887da2 sp=0x0000008f7a2fc580 mode 2
Event: 33580.569 Thread 0x000001dbee793b90 Uncommon trap: trap_request=0xffffffde fr.pc=0x000001dbd83b280c relative=0x0000000000001ccc
Event: 33580.569 Thread 0x000001dbee793b90 Uncommon trap: reason=class_check action=maybe_recompile pc=0x000001dbd83b280c method=org.springframework.core.SerializableTypeWrapper$TypeProxyInvocationHandler.invoke(Ljava/lang/Object;Ljava/lang/reflect/Method;[Ljava/lang/Object;)Ljava/lang/Object; @ 1
Event: 33580.569 Thread 0x000001dbee793b90 DEOPT PACKING pc=0x000001dbd83b280c sp=0x0000008f7a2fc0e0
Event: 33580.569 Thread 0x000001dbee793b90 DEOPT UNPACKING pc=0x000001dbd7887da2 sp=0x0000008f7a2fc0c0 mode 2
Event: 36453.541 Thread 0x000001dbee793b90 Uncommon trap: trap_request=0xffffff45 fr.pc=0x000001dbd82e8bac relative=0x00000000000006ac
Event: 36453.541 Thread 0x000001dbee793b90 Uncommon trap: reason=unstable_if action=reinterpret pc=0x000001dbd82e8bac method=org.springframework.util.ConcurrentReferenceHashMap$Segment.doTask(ILjava/lang/Object;Lorg/springframework/util/ConcurrentReferenceHashMap$Task;)Ljava/lang/Object; @ 89 c2
Event: 36453.541 Thread 0x000001dbee793b90 DEOPT PACKING pc=0x000001dbd82e8bac sp=0x0000008f7a2fde90
Event: 36453.541 Thread 0x000001dbee793b90 DEOPT UNPACKING pc=0x000001dbd7887da2 sp=0x0000008f7a2fdd70 mode 2
Event: 36453.541 Thread 0x000001dbee793b90 Uncommon trap: trap_request=0xffffff45 fr.pc=0x000001dbd7f426c8 relative=0x00000000000017a8
Event: 36453.541 Thread 0x000001dbee793b90 Uncommon trap: reason=unstable_if action=reinterpret pc=0x000001dbd7f426c8 method=java.util.concurrent.ConcurrentMap.computeIfAbsent(Ljava/lang/Object;Ljava/util/function/Function;)Ljava/lang/Object; @ 41 c2
Event: 36453.541 Thread 0x000001dbee793b90 DEOPT PACKING pc=0x000001dbd7f426c8 sp=0x0000008f7a2fdf50
Event: 36453.541 Thread 0x000001dbee793b90 DEOPT UNPACKING pc=0x000001dbd7887da2 sp=0x0000008f7a2fde68 mode 2

Classes loaded (20 events):
Event: 292.427 Loading class sun/nio/ch/IOVecWrapper
Event: 292.429 Loading class sun/nio/ch/IOVecWrapper done
Event: 292.430 Loading class sun/nio/ch/AllocatedNativeObject
Event: 292.431 Loading class sun/nio/ch/NativeObject
Event: 292.435 Loading class sun/nio/ch/NativeObject done
Event: 292.435 Loading class sun/nio/ch/AllocatedNativeObject done
Event: 292.436 Loading class sun/nio/ch/IOVecWrapper$Deallocator
Event: 292.436 Loading class sun/nio/ch/IOVecWrapper$Deallocator done
Event: 325.964 Loading class java/util/concurrent/ConcurrentSkipListMap$SubMap
Event: 325.965 Loading class java/util/concurrent/ConcurrentSkipListMap$SubMap done
Event: 325.965 Loading class java/util/concurrent/ConcurrentSkipListMap$Values
Event: 325.965 Loading class java/util/concurrent/ConcurrentSkipListMap$Values done
Event: 325.966 Loading class java/util/concurrent/ConcurrentSkipListMap$SubMap$SubMapValueIterator
Event: 325.966 Loading class java/util/concurrent/ConcurrentSkipListMap$SubMap$SubMapIter
Event: 325.966 Loading class java/util/concurrent/ConcurrentSkipListMap$SubMap$SubMapIter done
Event: 325.966 Loading class java/util/concurrent/ConcurrentSkipListMap$SubMap$SubMapValueIterator done
Event: 456.441 Loading class java/util/concurrent/locks/ReentrantReadWriteLock$Sync$HoldCounter
Event: 456.441 Loading class java/util/concurrent/locks/ReentrantReadWriteLock$Sync$HoldCounter done
Event: 524.425 Loading class java/util/ArrayList$SubList$2
Event: 524.425 Loading class java/util/ArrayList$SubList$2 done

Classes unloaded (20 events):
Event: 6943.024 Thread 0x000001dbe6d75240 Unloading class 0x000001db81002000 'java/lang/invoke/LambdaForm$MH+0x000001db81002000'
Event: 6943.024 Thread 0x000001dbe6d75240 Unloading class 0x000001db81001c00 'java/lang/invoke/LambdaForm$MH+0x000001db81001c00'
Event: 6943.024 Thread 0x000001dbe6d75240 Unloading class 0x000001db81001400 'java/lang/invoke/LambdaForm$MH+0x000001db81001400'
Event: 23880.527 Thread 0x000001dbe6d75240 Unloading class 0x000001db8172b000 'java/lang/invoke/LambdaForm$MH+0x000001db8172b000'
Event: 23880.528 Thread 0x000001dbe6d75240 Unloading class 0x000001db8172a800 'java/lang/invoke/LambdaForm$DMH+0x000001db8172a800'
Event: 23880.528 Thread 0x000001dbe6d75240 Unloading class 0x000001db8172a400 'java/lang/invoke/LambdaForm$MH+0x000001db8172a400'
Event: 23880.528 Thread 0x000001dbe6d75240 Unloading class 0x000001db81727000 'java/lang/invoke/LambdaForm$DMH+0x000001db81727000'
Event: 23880.528 Thread 0x000001dbe6d75240 Unloading class 0x000001db81726c00 'java/lang/invoke/LambdaForm$DMH+0x000001db81726c00'
Event: 23880.528 Thread 0x000001dbe6d75240 Unloading class 0x000001db81726800 'java/lang/invoke/LambdaForm$MH+0x000001db81726800'
Event: 23880.528 Thread 0x000001dbe6d75240 Unloading class 0x000001db81726400 'java/lang/invoke/LambdaForm$MH+0x000001db81726400'
Event: 23880.528 Thread 0x000001dbe6d75240 Unloading class 0x000001db81725400 'java/lang/invoke/LambdaForm$DMH+0x000001db81725400'
Event: 23880.528 Thread 0x000001dbe6d75240 Unloading class 0x000001db81724800 'java/lang/invoke/LambdaForm$DMH+0x000001db81724800'
Event: 23880.528 Thread 0x000001dbe6d75240 Unloading class 0x000001db81724400 'java/lang/invoke/LambdaForm$MH+0x000001db81724400'
Event: 33553.810 Thread 0x000001dbe6d75240 Unloading class 0x000001db81815800 'java/lang/invoke/LambdaForm$MH+0x000001db81815800'
Event: 33553.811 Thread 0x000001dbe6d75240 Unloading class 0x000001db81815000 'java/lang/invoke/LambdaForm$MH+0x000001db81815000'
Event: 33553.811 Thread 0x000001dbe6d75240 Unloading class 0x000001db81814c00 'java/lang/invoke/LambdaForm$MH+0x000001db81814c00'
Event: 33553.811 Thread 0x000001dbe6d75240 Unloading class 0x000001db81814800 'java/lang/invoke/LambdaForm$DMH+0x000001db81814800'
Event: 33553.811 Thread 0x000001dbe6d75240 Unloading class 0x000001db817b0800 'java/lang/invoke/LambdaForm$MH+0x000001db817b0800'
Event: 33553.811 Thread 0x000001dbe6d75240 Unloading class 0x000001db817b0400 'java/lang/invoke/LambdaForm$DMH+0x000001db817b0400'
Event: 33553.811 Thread 0x000001dbe6d75240 Unloading class 0x000001db816b0800 'java/lang/invoke/LambdaForm$MH+0x000001db816b0800'

Classes redefined (0 events):
No events

Internal exceptions (20 events):
Event: 291.251 Thread 0x000001dbee7976a0 Exception <a 'java/lang/NoSuchMethodError'{0x000000070dbb9398}: 'java.lang.Object java.lang.invoke.Invokers$Holder.linkToTargetMethod(java.lang.Object, java.lang.Object, java.lang.Object, int, java.lang.Object, java.lang.Object)'> (0x000000070dbb9398) 
thrown [s\open\src\hotspot\share\interpreter\linkResolver.cpp, line 773]
Event: 324.428 Thread 0x000001dbee798a50 Exception <a 'java/lang/NoSuchMethodError'{0x000000070d5a6ae0}: 'void java.lang.invoke.DirectMethodHandle$Holder.invokeSpecial(java.lang.Object, java.lang.Object, long)'> (0x000000070d5a6ae0) 
thrown [s\open\src\hotspot\share\interpreter\linkResolver.cpp, line 773]
Event: 324.429 Thread 0x000001dbee798a50 Exception <a 'java/lang/NoSuchMethodError'{0x000000070d5ac0f8}: 'java.lang.Object java.lang.invoke.DirectMethodHandle$Holder.newInvokeSpecial(java.lang.Object, java.lang.Object, long)'> (0x000000070d5ac0f8) 
thrown [s\open\src\hotspot\share\interpreter\linkResolver.cpp, line 773]
Event: 524.513 Thread 0x000001dbee799e00 Implicit null exception at 0x000001dbd829091e to 0x000001dbd8290c00
Event: 524.519 Thread 0x000001dbee799e00 Exception <a 'java/lang/NoSuchMethodError'{0x000000070d9f6470}: 'void java.lang.invoke.DirectMethodHandle$Holder.invokeSpecialIFC(java.lang.Object, java.lang.Object, java.lang.Object, java.lang.Object)'> (0x000000070d9f6470) 
thrown [s\open\src\hotspot\share\interpreter\linkResolver.cpp, line 773]
Event: 7746.490 Thread 0x000001dbee798a50 Implicit null exception at 0x000001dbd8079213 to 0x000001dbd807930d
Event: 7746.978 Thread 0x000001dbee7990e0 Implicit null exception at 0x000001dbd81f9f19 to 0x000001dbd8202340
Event: 7797.601 Thread 0x000001dbee799770 Implicit null exception at 0x000001dbd8238d24 to 0x000001dbd823a124
Event: 7797.602 Thread 0x000001dbee799770 Implicit null exception at 0x000001dbd7e2e942 to 0x000001dbd7e2ecb8
Event: 21055.293 Thread 0x000001dbee793b90 Implicit null exception at 0x000001dbd81252ae to 0x000001dbd812b4d4
Event: 21055.306 Thread 0x000001dbee793b90 Implicit null exception at 0x000001dbd832cbd7 to 0x000001dbd832d848
Event: 21055.307 Thread 0x000001dbee793b90 Implicit null exception at 0x000001dbd816dbbd to 0x000001dbd816df1e
Event: 21055.308 Thread 0x000001dbee793b90 Implicit null exception at 0x000001dbd8551fa7 to 0x000001dbd855334c
Event: 21055.393 Thread 0x000001dbee793b90 Implicit null exception at 0x000001dbd8555905 to 0x000001dbd8556bf0
Event: 21926.903 Thread 0x000001dbee793b90 Implicit null exception at 0x000001dbd84fac2f to 0x000001dbd84fb394
Event: 21926.931 Thread 0x000001dbee793b90 Implicit null exception at 0x000001dbd856484e to 0x000001dbd856512c
Event: 21926.932 Thread 0x000001dbee793b90 Implicit null exception at 0x000001dbd84b36c2 to 0x000001dbd84b3b14
Event: 21926.937 Thread 0x000001dbee793b90 Implicit null exception at 0x000001dbd859c0a1 to 0x000001dbd859cb9c
Event: 21926.944 Thread 0x000001dbee793b90 Implicit null exception at 0x000001dbd7e08062 to 0x000001dbd7e084fc
Event: 33580.556 Thread 0x000001dbee793b90 Implicit null exception at 0x000001dbd84871cc to 0x000001dbd848f254

ZGC Phase Switch (0 events):
No events

VM Operations (20 events):
Event: 33554.097 Executing VM operation: G1PauseCleanup
Event: 33554.099 Executing VM operation: G1PauseCleanup done
Event: 33581.333 Executing VM operation: Cleanup
Event: 33581.333 Executing VM operation: Cleanup done
Event: 33611.599 Executing VM operation: Cleanup
Event: 33611.599 Executing VM operation: Cleanup done
Event: 33701.328 Executing VM operation: Cleanup
Event: 33701.328 Executing VM operation: Cleanup done
Event: 33760.838 Executing VM operation: Cleanup
Event: 33760.838 Executing VM operation: Cleanup done
Event: 33821.300 Executing VM operation: Cleanup
Event: 33821.300 Executing VM operation: Cleanup done
Event: 33850.517 Executing VM operation: Cleanup
Event: 33850.517 Executing VM operation: Cleanup done
Event: 36454.044 Executing VM operation: Cleanup
Event: 36454.044 Executing VM operation: Cleanup done
Event: 36492.737 Executing VM operation: HandshakeAllThreads (HandshakeForDeflation)
Event: 36492.737 Executing VM operation: HandshakeAllThreads (HandshakeForDeflation) done
Event: 36492.737 Executing VM operation: RendezvousGCThreads
Event: 36492.737 Executing VM operation: RendezvousGCThreads done

Events (20 events):
Event: 33554.054 Thread 0x000001dbe6d75240 flushing nmethod 0x000001dbd1896210
Event: 33554.054 Thread 0x000001dbe6d75240 flushing nmethod 0x000001dbd18b0910
Event: 33554.054 Thread 0x000001dbe6d75240 flushing nmethod 0x000001dbd18e7490
Event: 33554.054 Thread 0x000001dbe6d75240 flushing nmethod 0x000001dbd18e9090
Event: 33554.054 Thread 0x000001dbe6d75240 flushing nmethod 0x000001dbd18e9f10
Event: 33554.054 Thread 0x000001dbe6d75240 flushing nmethod 0x000001dbd18ef110
Event: 33554.054 Thread 0x000001dbe6d75240 flushing nmethod 0x000001dbd18f2c90
Event: 33554.054 Thread 0x000001dbe6d75240 flushing nmethod 0x000001dbd1918810
Event: 33554.054 Thread 0x000001dbe6d75240 flushing nmethod 0x000001dbd1921c10
Event: 33554.054 Thread 0x000001dbe6d75240 flushing nmethod 0x000001dbd1924490
Event: 33554.054 Thread 0x000001dbe6d75240 flushing nmethod 0x000001dbd1933210
Event: 33554.054 Thread 0x000001dbe6d75240 flushing nmethod 0x000001dbd1959210
Event: 33554.054 Thread 0x000001dbe6d75240 flushing nmethod 0x000001dbd195ed90
Event: 33554.054 Thread 0x000001dbe6d75240 flushing nmethod 0x000001dbd199bf90
Event: 33580.613 Thread 0x000001dbe6db4fb0 Thread added: 0x000001dbe6db4fb0
Event: 33580.619 Thread 0x000001dbe6db3b40 Thread added: 0x000001dbe6db3b40
Event: 33585.634 Thread 0x000001dbe6db3b40 Thread exited: 0x000001dbe6db3b40
Event: 33585.649 Thread 0x000001dbe6db4fb0 Thread exited: 0x000001dbe6db4fb0
Event: 36453.567 Thread 0x000001dbe6db4fb0 Thread added: 0x000001dbe6db4fb0
Event: 36458.633 Thread 0x000001dbe6db4fb0 Thread exited: 0x000001dbe6db4fb0


Dynamic libraries:
0x00007ff66c8a0000 - 0x00007ff66c8b0000 	C:\Program Files\Java\jdk-21\bin\java.exe
0x00007ffc30120000 - 0x00007ffc30388000 	C:\WINDOWS\SYSTEM32\ntdll.dll
0x00007ffc2f6f0000 - 0x00007ffc2f7b9000 	C:\WINDOWS\System32\KERNEL32.DLL
0x00007ffc2d350000 - 0x00007ffc2d742000 	C:\WINDOWS\System32\KERNELBASE.dll
0x00007ffc2da50000 - 0x00007ffc2db9b000 	C:\WINDOWS\System32\ucrtbase.dll
0x00007ffc05960000 - 0x00007ffc05979000 	C:\Program Files\Java\jdk-21\bin\jli.dll
0x00007ffc2f010000 - 0x00007ffc2f0c4000 	C:\WINDOWS\System32\ADVAPI32.dll
0x00007ffc2ee60000 - 0x00007ffc2ef09000 	C:\WINDOWS\System32\msvcrt.dll
0x00007ffc2fda0000 - 0x00007ffc2fe46000 	C:\WINDOWS\System32\sechost.dll
0x00007ffc2fed0000 - 0x00007ffc2ffe8000 	C:\WINDOWS\System32\RPCRT4.dll
0x00007ffc2f420000 - 0x00007ffc2f5e5000 	C:\WINDOWS\System32\USER32.dll
0x00007ffc2da20000 - 0x00007ffc2da47000 	C:\WINDOWS\System32\win32u.dll
0x00007ffc2fff0000 - 0x00007ffc3001b000 	C:\WINDOWS\System32\GDI32.dll
0x00007ffc2dd10000 - 0x00007ffc2de3d000 	C:\WINDOWS\System32\gdi32full.dll
0x00007ffc2de40000 - 0x00007ffc2dee3000 	C:\WINDOWS\System32\msvcp_win.dll
0x00007ffc05220000 - 0x00007ffc0523b000 	C:\Program Files\Java\jdk-21\bin\VCRUNTIME140.dll
0x00007ffc131a0000 - 0x00007ffc13433000 	C:\WINDOWS\WinSxS\amd64_microsoft.windows.common-controls_6595b64144ccf1df_6.0.26100.6899_none_3e0efeeae32e88c1\COMCTL32.dll
0x00007ffc220c0000 - 0x00007ffc220cb000 	C:\WINDOWS\SYSTEM32\VERSION.dll
0x00007ffc2f0d0000 - 0x00007ffc2f0ff000 	C:\WINDOWS\System32\IMM32.DLL
0x00007ffc05950000 - 0x00007ffc0595c000 	C:\Program Files\Java\jdk-21\bin\vcruntime140_1.dll
0x00007ffc02e10000 - 0x00007ffc02e9e000 	C:\Program Files\Java\jdk-21\bin\msvcp140.dll
0x00007ffb87270000 - 0x00007ffb87f8a000 	C:\Program Files\Java\jdk-21\bin\server\jvm.dll
0x00007ffc2f7c0000 - 0x00007ffc2f834000 	C:\WINDOWS\System32\WS2_32.dll
0x00007ffc2d110000 - 0x00007ffc2d16e000 	C:\WINDOWS\SYSTEM32\POWRPROF.dll
0x00007ffc22170000 - 0x00007ffc221a5000 	C:\WINDOWS\SYSTEM32\WINMM.dll
0x00007ffc2d0f0000 - 0x00007ffc2d104000 	C:\WINDOWS\SYSTEM32\UMPDC.dll
0x00007ffc2c040000 - 0x00007ffc2c05b000 	C:\WINDOWS\SYSTEM32\kernel.appcore.dll
0x00007ffc04e30000 - 0x00007ffc04e3a000 	C:\Program Files\Java\jdk-21\bin\jimage.dll
0x00007ffc2a730000 - 0x00007ffc2a972000 	C:\WINDOWS\SYSTEM32\DBGHELP.DLL
0x00007ffc2ea80000 - 0x00007ffc2edfb000 	C:\WINDOWS\System32\combase.dll
0x00007ffc2f2b0000 - 0x00007ffc2f387000 	C:\WINDOWS\System32\OLEAUT32.dll
0x00007ffc033b0000 - 0x00007ffc033ec000 	C:\WINDOWS\SYSTEM32\dbgcore.DLL
0x00007ffc2d2b0000 - 0x00007ffc2d348000 	C:\WINDOWS\System32\bcryptPrimitives.dll
0x00007ffc04d10000 - 0x00007ffc04d1f000 	C:\Program Files\Java\jdk-21\bin\instrument.dll
0x00007ffc04e10000 - 0x00007ffc04e2f000 	C:\Program Files\Java\jdk-21\bin\java.dll
0x00007ffc2e1d0000 - 0x00007ffc2e91d000 	C:\WINDOWS\System32\SHELL32.dll
0x00007ffc2dba0000 - 0x00007ffc2dd0b000 	C:\WINDOWS\System32\wintypes.dll
0x00007ffc2aec0000 - 0x00007ffc2b71d000 	C:\WINDOWS\SYSTEM32\windows.storage.dll
0x00007ffc2ef10000 - 0x00007ffc2f002000 	C:\WINDOWS\System32\SHCORE.dll
0x00007ffc2f840000 - 0x00007ffc2f8a2000 	C:\WINDOWS\System32\shlwapi.dll
0x00007ffc2d1d0000 - 0x00007ffc2d1f9000 	C:\WINDOWS\SYSTEM32\profapi.dll
0x00007ffc02d30000 - 0x00007ffc02e07000 	C:\Program Files\Java\jdk-21\bin\jsvml.dll
0x00007ffc04dc0000 - 0x00007ffc04dd8000 	C:\Program Files\Java\jdk-21\bin\zip.dll
0x00007ffc04e00000 - 0x00007ffc04e10000 	C:\Program Files\Java\jdk-21\bin\net.dll
0x00007ffc24450000 - 0x00007ffc2456f000 	C:\WINDOWS\SYSTEM32\WINHTTP.dll
0x00007ffc2c590000 - 0x00007ffc2c5fb000 	C:\WINDOWS\system32\mswsock.dll
0x00007ffc04de0000 - 0x00007ffc04df6000 	C:\Program Files\Java\jdk-21\bin\nio.dll
0x00007ffc02d00000 - 0x00007ffc02d1a000 	C:\Program Files\JetBrains\IntelliJ IDEA Community Edition 2024.3.1.1\bin\breakgen64.dll
0x00007ffc02cf0000 - 0x00007ffc02cf9000 	C:\Program Files\Java\jdk-21\bin\extnet.dll
0x00007ffc2bb30000 - 0x00007ffc2bc56000 	C:\WINDOWS\SYSTEM32\DNSAPI.dll
0x00007ffc2baf0000 - 0x00007ffc2bb24000 	C:\WINDOWS\SYSTEM32\IPHLPAPI.DLL
0x00007ffc2def0000 - 0x00007ffc2defa000 	C:\WINDOWS\System32\NSI.dll
0x00007ffc23840000 - 0x00007ffc2384b000 	C:\Windows\System32\rasadhlp.dll
0x00007ffc29b50000 - 0x00007ffc29bd6000 	C:\WINDOWS\System32\fwpuclnt.dll
0x00007ffc02ce0000 - 0x00007ffc02cf0000 	C:\Program Files\Java\jdk-21\bin\verify.dll
0x00007ffc2c970000 - 0x00007ffc2c98b000 	C:\WINDOWS\SYSTEM32\CRYPTSP.dll
0x00007ffc2bfa0000 - 0x00007ffc2bfdb000 	C:\WINDOWS\system32\rsaenh.dll
0x00007ffc2c630000 - 0x00007ffc2c65b000 	C:\WINDOWS\SYSTEM32\USERENV.dll
0x00007ffc2d1a0000 - 0x00007ffc2d1c6000 	C:\WINDOWS\SYSTEM32\bcrypt.dll
0x00007ffc2c7d0000 - 0x00007ffc2c7dc000 	C:\WINDOWS\SYSTEM32\CRYPTBASE.dll
0x00007ffc02cd0000 - 0x00007ffc02cda000 	C:\Program Files\Java\jdk-21\bin\management.dll
0x00007ffc02cc0000 - 0x00007ffc02ccb000 	C:\Program Files\Java\jdk-21\bin\management_ext.dll
0x00007ffc2f390000 - 0x00007ffc2f398000 	C:\WINDOWS\System32\PSAPI.DLL
0x00007ffc02d20000 - 0x00007ffc02d2e000 	C:\Program Files\Java\jdk-21\bin\sunmscapi.dll
0x00007ffc2d7e0000 - 0x00007ffc2d957000 	C:\WINDOWS\System32\CRYPT32.dll
0x00007ffc2cac0000 - 0x00007ffc2caf0000 	C:\WINDOWS\SYSTEM32\ncrypt.dll
0x00007ffc2ca70000 - 0x00007ffc2caaf000 	C:\WINDOWS\SYSTEM32\NTASN1.dll
0x00007ffb83e50000 - 0x00007ffb83e58000 	C:\WINDOWS\system32\wshunix.dll
0x00007ffb83900000 - 0x00007ffb83918000 	C:\WINDOWS\system32\napinsp.dll
0x00007ffb838e0000 - 0x00007ffb838f2000 	C:\WINDOWS\System32\winrnr.dll
0x00007ffbf6dc0000 - 0x00007ffbf6de8000 	C:\WINDOWS\system32\nlansp_c.dll
0x00007ffbf25a0000 - 0x00007ffbf25b6000 	C:\WINDOWS\system32\wshbth.dll
0x00007ffc27fd0000 - 0x00007ffc27fee000 	C:\WINDOWS\SYSTEM32\dhcpcsvc6.DLL
0x00007ffc27d60000 - 0x00007ffc27d83000 	C:\WINDOWS\SYSTEM32\dhcpcsvc.DLL

dbghelp: loaded successfully - version: 4.0.5 - missing functions: none
symbol engine: initialized successfully - sym options: 0x614 - pdb path: .;C:\Program Files\Java\jdk-21\bin;C:\WINDOWS\SYSTEM32;C:\WINDOWS\WinSxS\amd64_microsoft.windows.common-controls_6595b64144ccf1df_6.0.26100.6899_none_3e0efeeae32e88c1;C:\Program Files\Java\jdk-21\bin\server;C:\Program Files\JetBrains\IntelliJ IDEA Community Edition 2024.3.1.1\bin

VM Arguments:
jvm_args: -javaagent:C:\Program Files\JetBrains\IntelliJ IDEA Community Edition 2024.3.1.1\lib\idea_rt.jar=60752:C:\Program Files\JetBrains\IntelliJ IDEA Community Edition 2024.3.1.1\bin -Dfile.encoding=UTF-8 -Dsun.stdout.encoding=UTF-8 -Dsun.stderr.encoding=UTF-8 
java_command: sn.diabete.apigateway.ApiGatewayApplication
java_class_path (initial): C:\Program Files\Java\jdk-21;C:\suivieGlycemie\api-gateway\target\classes;C:\Users\DELL\.m2\repository\org\springframework\boot\spring-boot-starter-actuator\3.5.3\spring-boot-starter-actuator-3.5.3.jar;C:\Users\DELL\.m2\repository\org\springframework\boot\spring-boot-starter\3.5.3\spring-boot-starter-3.5.3.jar;C:\Users\DELL\.m2\repository\org\springframework\boot\spring-boot\3.5.3\spring-boot-3.5.3.jar;C:\Users\DELL\.m2\repository\org\springframework\spring-context\6.2.8\spring-context-6.2.8.jar;C:\Users\DELL\.m2\repository\org\springframework\spring-aop\6.2.8\spring-aop-6.2.8.jar;C:\Users\DELL\.m2\repository\org\springframework\spring-expression\6.2.8\spring-expression-6.2.8.jar;C:\Users\DELL\.m2\repository\org\springframework\boot\spring-boot-autoconfigure\3.5.3\spring-boot-autoconfigure-3.5.3.jar;C:\Users\DELL\.m2\repository\org\springframework\boot\spring-boot-starter-logging\3.5.3\spring-boot-starter-logging-3.5.3.jar;C:\Users\DELL\.m2\repository\ch\qos\logback\logback-classic\1.5.18\logback-classic-1.5.18.jar;C:\Users\DELL\.m2\repository\ch\qos\logback\logback-core\1.5.18\logback-core-1.5.18.jar;C:\Users\DELL\.m2\repository\org\apache\logging\log4j\log4j-to-slf4j\2.24.3\log4j-to-slf4j-2.24.3.jar;C:\Users\DELL\.m2\repository\org\apache\logging\log4j\log4j-api\2.24.3\log4j-api-2.24.3.jar;C:\Users\DELL\.m2\repository\org\slf4j\jul-to-slf4j\2.0.17\jul-to-slf4j-2.0.17.jar;C:\Users\DELL\.m2\repository\jakarta\annotation\jakarta.annotation-api\2.1.1\jakarta.annotation-api-2.1.1.jar;C:\Users\DELL\.m2\repository\org\yaml\snakeyaml\2.4\snakeyaml-2.4.jar;C:\Users\DELL\.m2\repository\org\springframework\boot\spring-boot-actuator-autoconfigure\3.5.3\spring-boot-actuator-autoconfigure-3.5.3.jar;C:\Users\DELL\.m2\repository\org\springframework\boot\spring-boot-actuator\3.5.3\spring-boot-actuator-3.5.3.jar;C:\Users\DELL\.m2\repository\com\fasterxml\jackson\datatype\jackson-datatype-jsr310\2.19.1\jackson-datatype-jsr310-2.19.1.jar;C:\Users\DELL\.m2\repository\io\micrometer\micrometer-observation\1.15.1\micrometer-observation-1.15.1.jar;C:\Users\DELL\.m2\repository\io\micrometer\micrometer-commons\1.15.1\micrometer-commons-1.15.1.jar;C:\Users\DELL\.m2\repository\io\micrometer\micrometer-jakarta9\1.15.1\micrometer-jakarta9-1.15.1.jar;C:\Users\DELL\.m2\repository\io\micrometer\micrometer-core\1.15.1\micrometer-core-1.15.1.jar;C:\Users\DELL\.m2\repository\org\hdrhistogram\HdrHistogram\2.2.2\HdrHistogram-2.2.2.jar;C:\Users\DELL\.m2\repository\org\latencyutils\LatencyUtils\2.0.3\LatencyUtils-2.0.3.jar;C:\Users\DELL\.m2\repository\org\springframework\cloud\spring-cloud-starter-config\4.3.0\spring-cloud-starter-config-4.3.0.jar;C:\Users\DELL\.m2\repository\org\springframework\cloud\spring-cloud-starter\4.3.0\spring-cloud-starter-4.3.0.jar;C:\Users\DELL\.m2\repository\org\springframework\cloud\spring-cloud-context\4.3.0\spring-cloud-context-4.3.0.jar;C:\Users\DELL\.m2\repository\org\springframework\security\spring-security-crypto\6.5.1\spring-security-crypto-6.5.1.jar;C:\Users\DELL\.m2\repository\org\springframework\cloud\spring-cloud-commons\4.3.0\spring-cloud-commons-4.3.0.jar;C:\Users\DELL\.m2\repository\org\bouncycastle\bcprov-jdk18on\1.80\bcprov-jdk18on-1.80.jar;C:\Users\DELL\.m2\repository\org\springframework\cloud\spring-cloud-config-client\4.3.0\spring-cloud-config-client-4.3.0.jar;C:\Users\DELL\.m2\repository\org\springframework\spring-web\6.2.8\spring-web-6.2.8.jar;C:\Users\DELL\.m2\repository\org\springframework\spring-beans\6.2.8\spring-beans-6.2.8.jar;C:\Users\DELL\.m2\repository\com\fasterxml\jackson\core\jackson-annotations\2.19.1\jackson-annotations-2.19.1.jar;C:\Users\DELL\.m2\repository\org\apache\httpcomponents\client5\httpclient5\5.5\httpclient5-5.5.jar;C:\Users\DELL\.m2\repository\org\apache\httpcomponents\core5\httpcore5\5.3.4\httpcore5-5.3.4.jar;C:\Users\DELL\.m2\repository\org\apache\httpcomponents\core5\httpcore5-h2\5.3.4\httpcore5-h2-5.3.4.jar;C:\Users\DELL\.m2\repository\com\fasterxml\jackson\core\jackson-databind\2.19.1\jackson-databind-2.19.1.jar;C:\Users\DELL\.m2\repository\com\fasterxml\jackson\core\jackson-core\2.19.1\jackson-core-2.19.1.jar;C:\Users\DELL\.m2\repository\org\springframework\cloud\spring-cloud-starter-gateway-server-webflux\4.3.0\spring-cloud-starter-gateway-server-webflux-4.3.0.jar;C:\Users\DELL\.m2\repository\org\springframework\cloud\spring-cloud-gateway-server-webflux\4.3.0\spring-cloud-gateway-server-webflux-4.3.0.jar;C:\Users\DELL\.m2\repository\org\springframework\cloud\spring-cloud-gateway-server\4.3.0\spring-cloud-gateway-server-4.3.0.jar;C:\Users\DELL\.m2\repository\org\springframework\boot\spring-boot-starter-validation\3.5.3\spring-boot-starter-validation-3.5.3.jar;C:\Users\DELL\.m2\repository\org\apache\tomcat\embed\tomcat-embed-el\10.1.42\tomcat-embed-el-10.1.42.jar;C:\Users\DELL\.m2\repository\org\hibernate\validator\hibernate-validator\8.0.2.Final\hibernate-validator-8.0.2.Final.jar;C:\Users\DELL\.m2\repository\jakarta\validation\jakarta.validation-api\3.0.2\jakarta.validation-api-3.0.2.jar;C:\Users\DELL\.m2\repository\org\jboss\logging\jboss-logging\3.6.1.Final\jboss-logging-3.6.1.Final.jar;C:\Users\DELL\.m2\repository\com\fasterxml\classmate\1.7.0\classmate-1.7.0.jar;C:\Users\DELL\.m2\repository\io\projectreactor\addons\reactor-extra\3.5.2\reactor-extra-3.5.2.jar;C:\Users\DELL\.m2\repository\org\springframework\boot\spring-boot-starter-webflux\3.5.3\spring-boot-starter-webflux-3.5.3.jar;C:\Users\DELL\.m2\repository\org\springframework\boot\spring-boot-starter-json\3.5.3\spring-boot-starter-json-3.5.3.jar;C:\Users\DELL\.m2\repository\com\fasterxml\jackson\datatype\jackson-datatype-jdk8\2.19.1\jackson-datatype-jdk8-2.19.1.jar;C:\Users\DELL\.m2\repository\com\fasterxml\jackson\module\jackson-module-parameter-names\2.19.1\jackson-module-parameter-names-2.19.1.jar;C:\Users\DELL\.m2\repository\org\springframework\boot\spring-boot-starter-reactor-netty\3.5.3\spring-boot-starter-reactor-netty-3.5.3.jar;C:\Users\DELL\.m2\repository\io\projectreactor\netty\reactor-netty-http\1.2.7\reactor-netty-http-1.2.7.jar;C:\Users\DELL\.m2\repository\io\netty\netty-codec-http\4.1.122.Final\netty-codec-http-4.1.122.Final.jar;C:\Users\DELL\.m2\repository\io\netty\netty-common\4.1.122.Final\netty-common-4.1.122.Final.jar;C:\Users\DELL\.m2\repository\io\netty\netty-buffer\4.1.122.Final\netty-buffer-4.1.122.Final.jar;C:\Users\DELL\.m2\repository\io\netty\netty-transport\4.1.122.Final\netty-transport-4.1.122.Final.jar;C:\Users\DELL\.m2\repository\io\netty\netty-codec\4.1.122.Final\netty-codec-4.1.122.Final.jar;C:\Users\DELL\.m2\repository\io\netty\netty-handler\4.1.122.Final\netty-handler-4.1.122.Final.jar;C:\Users\DELL\.m2\repository\io\netty\netty-codec-http2\4.1.122.Final\netty-codec-http2-4.1.122.Final.jar;C:\Users\DELL\.m2\repository\io\netty\netty-resolver-dns\4.1.122.Final\netty-resolver-dns-4.1.122.Final.jar;C:\Users\DELL\.m2\repository\io\netty\netty-resolver\4.1.122.Final\netty-resolver-4.1.122.Final.jar;C:\Users\DELL\.m2\repository\io\netty\netty-codec-dns\4.1.122.Final\netty-codec-dns-4.1.122.Final.jar;C:\Users\DELL\.m2\repository\io\netty\netty-resolver-dns-native-macos\4.1.122.Final\netty-resolver-dns-native-macos-4.1.122.Final-osx-x86_64.jar;C:\Users\DELL\.m2\repository\io\netty\netty-resolver-dns-classes-macos\4.1.122.Final\netty-resolver-dns-classes-macos-4.1.122.Final.jar;C:\Users\DELL\.m2\repository\io\netty\netty-transport-native-epoll\4.1.122.Final\netty-transport-native-epoll-4.1.122.Final-linux-x86_64.jar;C:\Users\DELL\.m2\repository\io\netty\netty-transport-native-unix-common\4.1.122.Final\netty-transport-native-unix-common-4.1.122.Final.jar;C:\Users\DELL\.m2\repository\io\netty\netty-transport-classes-epoll\4.1.122.Final\netty-transport-classes-epoll-4.1.122.Final.jar;C:\Users\DELL\.m2\repository\io\projectreactor\netty\reactor-netty-core\1.2.7\reactor-netty-core-1.2.7.jar;C:\Users\DELL\.m2\repository\io\netty\netty-handler-proxy\4.1.122.Final\netty-handler-proxy-4.1.122.Final.jar;C:\Users\DELL\.m2\repository\io\netty\netty-codec-socks\4.1.122.Final\netty-codec-socks-4.1.122.Final.jar;C:\Users\DELL\.m2\repository\org\springframework\spring-webflux\6.2.8\spring-webflux-6.2.8.jar;C:\Users\DELL\.m2\repository\io\projectreactor\reactor-core\3.7.7\reactor-core-3.7.7.jar;C:\Users\DELL\.m2\repository\org\reactivestreams\reactive-streams\1.0.4\reactive-streams-1.0.4.jar;C:\Users\DELL\.m2\repository\org\springframework\boot\spring-boot-properties-migrator\3.5.3\spring-boot-properties-migrator-3.5.3.jar;C:\Users\DELL\.m2\repository\org\springframework\boot\spring-boot-configuration-metadata\3.5.3\spring-boot-configuration-metadata-3.5.3.jar;C:\Users\DELL\.m2\repository\org\springframework\cloud\spring-cloud-starter-netflix-eureka-client\4.3.0\spring-cloud-starter-netflix-eureka-client-4.3.0.jar;C:\Users\DELL\.m2\repository\org\springframework\cloud\spring-cloud-netflix-eureka-client\4.3.0\spring-cloud-netflix-eureka-client-4.3.0.jar;C:\Users\DELL\.m2\repository\com\netflix\eureka\eureka-client\2.0.4\eureka-client-2.0.4.jar;C:\Users\DELL\.m2\repository\com\thoughtworks\xstream\xstream\1.4.20\xstream-1.4.20.jar;C:\Users\DELL\.m2\repository\io\github\x-stream\mxparser\1.2.2\mxparser-1.2.2.jar;C:\Users\DELL\.m2\repository\xmlpull\xmlpull\1.1.3.1\xmlpull-1.1.3.1.jar;C:\Users\DELL\.m2\repository\jakarta\ws\rs\jakarta.ws.rs-api\3.1.0\jakarta.ws.rs-api-3.1.0.jar;C:\Users\DELL\.m2\repository\jakarta\inject\jakarta.inject-api\2.0.1\jakarta.inject-api-2.0.1.jar;C:\Users\DELL\.m2\repository\com\netflix\spectator\spectator-api\1.7.3\spectator-api-1.7.3.jar;C:\Users\DELL\.m2\repository\org\slf4j\slf4j-api\2.0.17\slf4j-api-2.0.17.jar;C:\Users\DELL\.m2\repository\org\apache\httpcomponents\httpclient\4.5.3\httpclient-4.5.3.jar;C:\Users\DELL\.m2\repository\org\apache\httpcomponents\httpcore\4.4.16\httpcore-4.4.16.jar;C:\Users\DELL\.m2\repository\commons-codec\commons-codec\1.18.0\commons-codec-1.18.0.jar;C:\Users\DELL\.m2\repository\commons-configuration\commons-configuration\1.10\commons-configuration-1.10.jar;C:\Users\DELL\.m2\repository\commons-lang\commons-lang\2.6\commons-lang-2.6.jar;C:\Users\DELL\.m2\repository\com\netflix\netflix-commons\netflix-eventbus\0.3.0\netflix-eventbus-0.3.0.jar;C:\Users\DELL\.m2\repository\com\netflix\netflix-commons\netflix-infix\0.3.0\netflix-infix-0.3.0.jar;C:\Users\DELL\.m2\repository\commons-jxpath\commons-jxpath\1.3\commons-jxpath-1.3.jar;C:\Users\DELL\.m2\repository\joda-time\joda-time\2.3\joda-time-2.3.jar;C:\Users\DELL\.m2\repository\org\antlr\antlr-runtime\3.4\antlr-runtime-3.4.jar;C:\Users\DELL\.m2\repository\org\antlr\stringtemplate\3.2.1\stringtemplate-3.2.1.jar;C:\Users\DELL\.m2\repository\antlr\antlr\2.7.7\antlr-2.7.7.jar;C:\Users\DELL\.m2\repository\com\google\guava\guava\14.0.1\guava-14.0.1.jar;C:\Users\DELL\.m2\repository\com\google\code\gson\gson\2.13.1\gson-2.13.1.jar;C:\Users\DELL\.m2\repository\com\google\errorprone\error_prone_annotations\2.38.0\error_prone_annotations-2.38.0.jar;C:\Users\DELL\.m2\repository\com\netflix\servo\servo-core\0.5.3\servo-core-0.5.3.jar;C:\Users\DELL\.m2\repository\org\apache\commons\commons-math\2.2\commons-math-2.2.jar;C:\Users\DELL\.m2\repository\javax\annotation\javax.annotation-api\1.2\javax.annotation-api-1.2.jar;C:\Users\DELL\.m2\repository\org\codehaus\jettison\jettison\1.5.4\jettison-1.5.4.jar;C:\Users\DELL\.m2\repository\org\springframework\cloud\spring-cloud-starter-loadbalancer\4.3.0\spring-cloud-starter-loadbalancer-4.3.0.jar;C:\Users\DELL\.m2\repository\org\springframework\cloud\spring-cloud-loadbalancer\4.3.0\spring-cloud-loadbalancer-4.3.0.jar;C:\Users\DELL\.m2\repository\org\springframework\boot\spring-boot-starter-cache\3.5.3\spring-boot-starter-cache-3.5.3.jar;C:\Users\DELL\.m2\repository\org\springframework\spring-context-support\6.2.8\spring-context-support-6.2.8.jar;C:\Users\DELL\.m2\repository\com\stoyanr\evictor\1.0.0\evictor-1.0.0.jar;C:\Users\DELL\.m2\repository\com\vaadin\external\google\android-json\0.0.20131108.vaadin1\android-json-0.0.20131108.vaadin1.jar;C:\Users\DELL\.m2\repository\org\springframework\spring-core\6.2.8\spring-core-6.2.8.jar;C:\Users\DELL\.m2\repository\org\springframework\spring-jcl\6.2.8\spring-jcl-6.2.8.jar
Launcher Type: SUN_STANDARD

[Global flags]
     intx CICompilerCount                          = 4                                         {product} {ergonomic}
     uint ConcGCThreads                            = 2                                         {product} {ergonomic}
     uint G1ConcRefinementThreads                  = 8                                         {product} {ergonomic}
   size_t G1HeapRegionSize                         = 2097152                                   {product} {ergonomic}
    uintx GCDrainStackTargetSize                   = 64                                        {product} {ergonomic}
   size_t InitialHeapSize                          = 260046848                                 {product} {ergonomic}
   size_t MarkStackSize                            = 4194304                                   {product} {ergonomic}
   size_t MaxHeapSize                              = 4133486592                                {product} {ergonomic}
   size_t MaxNewSize                               = 2478833664                                {product} {ergonomic}
   size_t MinHeapDeltaBytes                        = 2097152                                   {product} {ergonomic}
   size_t MinHeapSize                              = 8388608                                   {product} {ergonomic}
    uintx NonNMethodCodeHeapSize                   = 5839372                                {pd product} {ergonomic}
    uintx NonProfiledCodeHeapSize                  = 122909434                              {pd product} {ergonomic}
    uintx ProfiledCodeHeapSize                     = 122909434                              {pd product} {ergonomic}
    uintx ReservedCodeCacheSize                    = 251658240                              {pd product} {ergonomic}
     bool SegmentedCodeCache                       = true                                      {product} {ergonomic}
   size_t SoftMaxHeapSize                          = 4133486592                             {manageable} {ergonomic}
     bool UseCompressedOops                        = true                           {product lp64_product} {ergonomic}
     bool UseG1GC                                  = true                                      {product} {ergonomic}
     bool UseLargePagesIndividualAllocation        = false                                  {pd product} {ergonomic}

Logging:
Log output configuration:
 #0: stdout all=warning uptime,level,tags foldmultilines=false
 #1: stderr all=off uptime,level,tags foldmultilines=false

Environment Variables:
PATH=C:\Python313\Scripts\;C:\Python313\;C:\Program Files\Java\jdk-21\bin;C:\Program Files\Apache\Maven\apache-maven-3.9.10\bin;C:\Program Files\Common Files\Oracle\Java\javapath;C:\WINDOWS\system32;C:\WINDOWS;C:\WINDOWS\System32\Wbem;C:\WINDOWS\System32\WindowsPowerShell\v1.0\;C:\WINDOWS\System32\OpenSSH\;C:\Program Files\Git\cmd;C:\Program Files\nodejs\;C:\ProgramData\chocolatey\bin;C:\Users\DELL\AppData\Local\Microsoft\WindowsApps;C:\Users\DELL\AppData\Local\Programs\Microsoft VS Code\bin;C:\Users\DELL\AppData\Roaming\npm
USERNAME=DELL
OS=Windows_NT
PROCESSOR_IDENTIFIER=Intel64 Family 6 Model 140 Stepping 1, GenuineIntel
TMP=C:\Users\DELL\AppData\Local\Temp
TEMP=C:\Users\DELL\AppData\Local\Temp




Periodic native trim disabled

---------------  S Y S T E M  ---------------

OS:
 Windows 11 , 64 bit Build 26100 (10.0.26100.6725)
OS uptime: 0 days 10:17 hours
Hyper-V role detected

CPU: total 8 (initial active 8) (4 cores per cpu, 2 threads per core) family 6 model 140 stepping 1 microcode 0xbc, cx8, cmov, fxsr, ht, mmx, 3dnowpref, sse, sse2, sse3, ssse3, sse4.1, sse4.2, popcnt, lzcnt, tsc, tscinvbit, avx, avx2, aes, erms, clmul, bmi1, bmi2, adx, avx512f, avx512dq, avx512cd, avx512bw, avx512vl, sha, fma, vzeroupper, avx512_vpopcntdq, avx512_vpclmulqdq, avx512_vaes, avx512_vnni, clflush, clflushopt, clwb, avx512_vbmi2, avx512_vbmi, hv, rdtscp, rdpid, fsrm, gfni, avx512_bitalg, f16c, cet_ibt, cet_ss, avx512_ifma
Processor Information for processor 0
  Max Mhz: 1498, Current Mhz: 1198, Mhz Limit: 1498
Processor Information for processor 1
  Max Mhz: 1498, Current Mhz: 1198, Mhz Limit: 1498
Processor Information for processor 2
  Max Mhz: 1498, Current Mhz: 1498, Mhz Limit: 1498
Processor Information for processor 3
  Max Mhz: 1498, Current Mhz: 1198, Mhz Limit: 1498
Processor Information for processor 4
  Max Mhz: 1498, Current Mhz: 1498, Mhz Limit: 1498
Processor Information for processor 5
  Max Mhz: 1498, Current Mhz: 1498, Mhz Limit: 1498
Processor Information for processor 6
  Max Mhz: 1498, Current Mhz: 1198, Mhz Limit: 1498
Processor Information for processor 7
  Max Mhz: 1498, Current Mhz: 1198, Mhz Limit: 1498

Memory: 4k page, system-wide physical 15761M (1061M free)
TotalPageFile size 46161M (AvailPageFile size 10M)
current process WorkingSet (physical memory assigned to process): 230M, peak: 295M
current process commit charge ("private bytes"): 369M, peak: 389M

vm_info: Java HotSpot(TM) 64-Bit Server VM (21.0.7+8-LTS-245) for windows-amd64 JRE (21.0.7+8-LTS-245), built on 2025-02-21T05:11:27Z by "mach5one" with MS VC++ 17.6 (VS2022)

END.
